Archive member included to satisfy reference by file (symbol)

.\CortexM3\ARM_GCC_541\Debug\ProjektBIL.a(UART_1.o)
                              .\CortexM3\ARM_GCC_541\Debug\main.o (UART_1_Start)
.\CortexM3\ARM_GCC_541\Debug\ProjektBIL.a(isr_uart_rx.o)
                              .\CortexM3\ARM_GCC_541\Debug\main.o (isr_uart_rx_StartEx)
.\CortexM3\ARM_GCC_541\Debug\ProjektBIL.a(PWM_2.o)
                              .\CortexM3\ARM_GCC_541\Debug\main.o (PWM_2_WriteCompare)
.\CortexM3\ARM_GCC_541\Debug\ProjektBIL.a(UART_1_IntClock.o)
                              .\CortexM3\ARM_GCC_541\Debug\ProjektBIL.a(UART_1.o) (UART_1_IntClock_Start)
.\CortexM3\ARM_GCC_541\Debug\ProjektBIL.a(CyLib.o)
                              .\CortexM3\ARM_GCC_541\Debug\Cm3Start.o (CyHalt)
.\CortexM3\ARM_GCC_541\Debug\ProjektBIL.a(cyPm.o)
                              .\CortexM3\ARM_GCC_541\Debug\ProjektBIL.a(CyLib.o) (CyPmReadStatus)
.\CortexM3\ARM_GCC_541\Debug\ProjektBIL.a(PWMA.o)
                              .\CortexM3\ARM_GCC_541\Debug\MotorDrive.o (PWMA_WriteCompare)
.\CortexM3\ARM_GCC_541\Debug\ProjektBIL.a(Ain2.o)
                              .\CortexM3\ARM_GCC_541\Debug\MotorDrive.o (Ain2_Write)
.\CortexM3\ARM_GCC_541\Debug\ProjektBIL.a(Ain1.o)
                              .\CortexM3\ARM_GCC_541\Debug\MotorDrive.o (Ain1_Write)
.\CortexM3\ARM_GCC_541\Debug\ProjektBIL.a(PWMB.o)
                              .\CortexM3\ARM_GCC_541\Debug\MotorDrive.o (PWMB_WriteCompare)
.\CortexM3\ARM_GCC_541\Debug\ProjektBIL.a(Bin1.o)
                              .\CortexM3\ARM_GCC_541\Debug\MotorDrive.o (Bin1_Write)
.\CortexM3\ARM_GCC_541\Debug\ProjektBIL.a(Bin2.o)
                              .\CortexM3\ARM_GCC_541\Debug\MotorDrive.o (Bin2_Write)
.\CortexM3\ARM_GCC_541\Debug\ProjektBIL.a(stby.o)
                              .\CortexM3\ARM_GCC_541\Debug\main.o (stby_Write)
.\CortexM3\ARM_GCC_541\Debug\ProjektBIL.a(PWM_4.o)
                              .\CortexM3\ARM_GCC_541\Debug\main.o (PWM_4_WriteCompare)
.\CortexM3\ARM_GCC_541\Debug\ProjektBIL.a(PWM_6.o)
                              .\CortexM3\ARM_GCC_541\Debug\main.o (PWM_6_WriteCompare)
.\CortexM3\ARM_GCC_541\Debug\ProjektBIL.a(PWM_3.o)
                              .\CortexM3\ARM_GCC_541\Debug\main.o (PWM_3_WriteCompare)
.\CortexM3\ARM_GCC_541\Debug\ProjektBIL.a(Echo.o)
                              .\CortexM3\ARM_GCC_541\Debug\main.o (Echo_Read)
.\CortexM3\ARM_GCC_541\Debug\ProjektBIL.a(Timer_1.o)
                              .\CortexM3\ARM_GCC_541\Debug\main.o (Timer_1_Start)
.\CortexM3\ARM_GCC_541\Debug\ProjektBIL.a(Control_Reg_1.o)
                              .\CortexM3\ARM_GCC_541\Debug\main.o (Control_Reg_1_Write)
.\CortexM3\ARM_GCC_541\Debug\ProjektBIL.a(CyBootAsmGnu.o)
                              .\CortexM3\ARM_GCC_541\Debug\cyfitter_cfg.o (CyDelayCycles)
.\CortexM3\ARM_GCC_541\Debug\ProjektBIL.a(CyFlash.o)
                              .\CortexM3\ARM_GCC_541\Debug\ProjektBIL.a(cyPm.o) (CyFlash_SetWaitCycles)
.\CortexM3\ARM_GCC_541\Debug\ProjektBIL.a(CySpc.o)
                              .\CortexM3\ARM_GCC_541\Debug\ProjektBIL.a(CyFlash.o) (CySpcStart)
c:/program files (x86)/cypress/psoc creator/4.2/psoc creator/import/gnu/arm/5.4.1/bin/../lib/gcc/arm-none-eabi/5.4.1/armv7-m\libgcc.a(_arm_addsubdf3.o)
                              .\CortexM3\ARM_GCC_541\Debug\Sensor.o (__aeabi_f2d)
c:/program files (x86)/cypress/psoc creator/4.2/psoc creator/import/gnu/arm/5.4.1/bin/../lib/gcc/arm-none-eabi/5.4.1/armv7-m\libgcc.a(_arm_addsubsf3.o)
                              .\CortexM3\ARM_GCC_541\Debug\main.o (__aeabi_i2f)
c:/program files (x86)/cypress/psoc creator/4.2/psoc creator/import/gnu/arm/5.4.1/bin/../lib/gcc/arm-none-eabi/5.4.1/armv7-m\libgcc.a(_arm_muldivsf3.o)
                              .\CortexM3\ARM_GCC_541\Debug\main.o (__aeabi_fdiv)
c:/program files (x86)/cypress/psoc creator/4.2/psoc creator/import/gnu/arm/5.4.1/bin/../lib/gcc/arm-none-eabi/5.4.1/armv7-m\libgcc.a(_arm_cmpsf2.o)
                              .\CortexM3\ARM_GCC_541\Debug\main.o (__aeabi_fcmple)
c:/program files (x86)/cypress/psoc creator/4.2/psoc creator/import/gnu/arm/5.4.1/bin/../lib/gcc/arm-none-eabi/5.4.1/../../../../arm-none-eabi/lib/armv7-m\libg_nano.a(lib_a-errno.o)
                              .\CortexM3\ARM_GCC_541\Debug\Cm3Start.o (__errno)
c:/program files (x86)/cypress/psoc creator/4.2/psoc creator/import/gnu/arm/5.4.1/bin/../lib/gcc/arm-none-eabi/5.4.1/../../../../arm-none-eabi/lib/armv7-m\libg_nano.a(lib_a-exit.o)
                              c:/program files (x86)/cypress/psoc creator/4.2/psoc creator/import/gnu/arm/5.4.1/bin/../lib/gcc/arm-none-eabi/5.4.1/../../../../arm-none-eabi/lib/armv7-m/crt0.o (exit)
c:/program files (x86)/cypress/psoc creator/4.2/psoc creator/import/gnu/arm/5.4.1/bin/../lib/gcc/arm-none-eabi/5.4.1/../../../../arm-none-eabi/lib/armv7-m\libg_nano.a(lib_a-impure.o)
[...]
Memory Configuration

Name             Origin             Length             Attributes
rom              0x00000000         0x00040000         xr
ram              0x1fff8000         0x00010000         xrw
*default*        0x00000000         0xffffffff

Linker script and memory map

LOAD c:/program files (x86)/cypress/psoc creator/4.2/psoc creator/import/gnu/arm/5.4.1/bin/../lib/gcc/arm-none-eabi/5.4.1/armv7-m/crti.o
LOAD c:/program files (x86)/cypress/psoc creator/4.2/psoc creator/import/gnu/arm/5.4.1/bin/../lib/gcc/arm-none-eabi/5.4.1/armv7-m/crtbegin.o
LOAD c:/program files (x86)/cypress/psoc creator/4.2/psoc creator/import/gnu/arm/5.4.1/bin/../lib/gcc/arm-none-eabi/5.4.1/../../../../arm-none-eabi/lib/armv7-m/crt0.o
START GROUP
LOAD .\CortexM3\ARM_GCC_541\Debug\main.o
LOAD .\CortexM3\ARM_GCC_541\Debug\MotorDrive.o
LOAD .\CortexM3\ARM_GCC_541\Debug\ServoArm.o
LOAD .\CortexM3\ARM_GCC_541\Debug\Sensor.o
LOAD .\CortexM3\ARM_GCC_541\Debug\cyfitter_cfg.o
LOAD .\CortexM3\ARM_GCC_541\Debug\cymetadata.o
LOAD .\CortexM3\ARM_GCC_541\Debug\Cm3Start.o
LOAD .\CortexM3\ARM_GCC_541\Debug\ProjektBIL.a
LOAD C:\Program Files (x86)\Cypress\PSoC Creator\4.2\PSoC Creator\psoc\content\cycomponentlibrary\CyComponentLibrary.cylib\CortexM3\ARM_GCC_541\Debug\CyComponentLibrary.a
END GROUP
START GROUP
LOAD c:/program files (x86)/cypress/psoc creator/4.2/psoc creator/import/gnu/arm/5.4.1/bin/../lib/gcc/arm-none-eabi/5.4.1/armv7-m\libgcc.a
LOAD c:/program files (x86)/cypress/psoc creator/4.2/psoc creator/import/gnu/arm/5.4.1/bin/../lib/gcc/arm-none-eabi/5.4.1/../../../../arm-none-eabi/lib/armv7-m\libg_nano.a
LOAD c:/program files (x86)/cypress/psoc creator/4.2/psoc creator/import/gnu/arm/5.4.1/bin/../lib/gcc/arm-none-eabi/5.4.1/../../../../arm-none-eabi/lib/armv7-m\libc_nano.a
END GROUP
START GROUP
LOAD c:/program files (x86)/cypress/psoc creator/4.2/psoc creator/import/gnu/arm/5.4.1/bin/../lib/gcc/arm-none-eabi/5.4.1/armv7-m\libgcc.a
LOAD c:/program files (x86)/cypress/psoc creator/4.2/psoc creator/import/gnu/arm/5.4.1/bin/../lib/gcc/arm-none-eabi/5.4.1/../../../../arm-none-eabi/lib/armv7-m\libc_nano.a
END GROUP
LOAD c:/program files (x86)/cypress/psoc creator/4.2/psoc creator/import/gnu/arm/5.4.1/bin/../lib/gcc/arm-none-eabi/5.4.1/armv7-m/crtend.o
LOAD c:/program files (x86)/cypress/psoc creator/4.2/psoc creator/import/gnu/arm/5.4.1/bin/../lib/gcc/arm-none-eabi/5.4.1/armv7-m/crtn.o
START GROUP
LOAD c:/program files (x86)/cypress/psoc creator/4.2/psoc creator/import/gnu/arm/5.4.1/bin/../lib/gcc/arm-none-eabi/5.4.1/armv7-m\libgcc.a
LOAD c:/program files (x86)/cypress/psoc creator/4.2/psoc creator/import/gnu/arm/5.4.1/bin/../lib/gcc/arm-none-eabi/5.4.1/../../../../arm-none-eabi/lib/armv7-m\libc.a
LOAD c:/program files (x86)/cypress/psoc creator/4.2/psoc creator/import/gnu/arm/5.4.1/bin/../lib/gcc/arm-none-eabi/5.4.1/../../../../arm-none-eabi/lib/armv7-m\libnosys.a
END GROUP
                0x00000000                CY_APPL_ORIGIN = 0x0
                0x00000100                CY_FLASH_ROW_SIZE = 0x100
                0x00000020                CY_ECC_ROW_SIZE = 0x20
                0x00000000                CY_EE_IN_BTLDR = 0x0
                0x00000000                CY_APPL_LOADABLE = 0x0
                0x00000800                CY_EE_SIZE = 0x800
                0x00000001                CY_APPL_NUM = 0x1
                0x00000001                CY_APPL_MAX = 0x1
                0x00000040                CY_METADATA_SIZE = 0x40
                0x00000000                CY_APPL_LOADABLE = 0x0
                0x00000000                CY_CHECKSUM_EXCLUDE_SIZE = ALIGN (0x0, CY_FLASH_ROW_SIZE)
                [!provide]                PROVIDE (__cy_heap_start, _end)
                0x00000001                PROVIDE (__cy_region_num, ((__cy_regions_end - __cy_regions) / 0x10))
                0x20008000                PROVIDE (__cy_stack, (ORIGIN (ram) + LENGTH (ram)))
                [!provide]                PROVIDE (__cy_heap_end, (__cy_stack - 0x800))

.cybootloader   0x00000000        0x0
 *(.cybootloader)
                0x00000000                appl1_start = CY_APPL_ORIGIN?CY_APPL_ORIGIN:ALIGN (CY_FLASH_ROW_SIZE)
                0x0001ff00                appl2_start = (appl1_start + ALIGN ((((LENGTH (rom) - appl1_start) - (0x2 * CY_FLASH_ROW_SIZE)) / 0x2), CY_FLASH_ROW_SIZE))
                0x00000000                appl_start = (CY_APPL_NUM == 0x1)?appl1_start:appl2_start
                0x00000000                ecc_offset = ((appl_start / CY_FLASH_ROW_SIZE) * CY_ECC_ROW_SIZE)
                0x00000000                ee_offset = (CY_APPL_LOADABLE && ! (CY_EE_IN_BTLDR))?((CY_EE_SIZE / CY_APPL_MAX) * (CY_APPL_NUM - 0x1)):0x0
                0x00000800                ee_size = (CY_APPL_LOADABLE && ! (CY_EE_IN_BTLDR))?(CY_EE_SIZE / CY_APPL_MAX):CY_EE_SIZE
                [!provide]                PROVIDE (CY_ECC_OFFSET, ecc_offset)

.text           0x00000000     0x40d0
 CREATE_OBJECT_SYMBOLS
                0x00000000                PROVIDE (__cy_interrupt_vector, RomVectors)
 *(.romvectors)
 .romvectors    0x00000000       0x10 .\CortexM3\ARM_GCC_541\Debug\Cm3Start.o
                0x00000000                RomVectors
                0x00000001                ASSERT ((. != __cy_interrupt_vector), No interrupt vector)
                0x00000001                ASSERT (CY_APPL_ORIGIN?(SIZEOF (.cybootloader) <= CY_APPL_ORIGIN):0x1, Wrong image location)
                0x00000010                PROVIDE (__cy_reset, Reset)
 *(.text.Reset)
 .text.Reset    0x00000010       0x18 .\CortexM3\ARM_GCC_541\Debug\Cm3Start.o
                0x00000010                Reset
                0x00000001                ASSERT ((. != __cy_reset), No reset code)
 *(.dma_init)
                0x00000001                ASSERT ((((appl_start + .) <= 0x10000) || 0x1), DMA Init must be within the first 64k of flash)
 *(.text .text.* .gnu.linkonce.t.*)
 .text          0x00000028       0x5c c:/program files (x86)/cypress/psoc creator/4.2/psoc creator/import/gnu/arm/5.4.1/bin/../lib/gcc/arm-none-eabi/5.4.1/armv7-m/crtbegin.o
 .text.main     0x00000084       0xf4 .\CortexM3\ARM_GCC_541\Debug\main.o
                0x00000084                main
 .text.handleByteReceived
                0x00000178       0xa0 .\CortexM3\ARM_GCC_541\Debug\main.o
                0x00000178                handleByteReceived
 .text.ISR_UART_rx_handler
                0x00000218       0x24 .\CortexM3\ARM_GCC_541\Debug\main.o
                0x00000218                ISR_UART_rx_handler
 .text.decreaseSpeed
                0x0000023c       0x28 .\CortexM3\ARM_GCC_541\Debug\MotorDrive.o
                0x0000023c                decreaseSpeed
 .text.increaseSpeed
                0x00000264       0x28 .\CortexM3\ARM_GCC_541\Debug\MotorDrive.o
                0x00000264                increaseSpeed
 .text.driveForwards
                0x0000028c       0x40 .\CortexM3\ARM_GCC_541\Debug\MotorDrive.o
                0x0000028c                driveForwards
 .text.driveBackwards
                0x000002cc       0x40 .\CortexM3\ARM_GCC_541\Debug\MotorDrive.o
                0x000002cc                driveBackwards
 .text.driveLeft
                0x0000030c       0x40 .\CortexM3\ARM_GCC_541\Debug\MotorDrive.o
                0x0000030c                driveLeft
 .text.driveRight
                0x0000034c       0x40 .\CortexM3\ARM_GCC_541\Debug\MotorDrive.o
                0x0000034c                driveRight
 .text.stop     0x0000038c       0x20 .\CortexM3\ARM_GCC_541\Debug\MotorDrive.o
                0x0000038c                stop
 .text.LOFT     0x000003ac       0xa8 .\CortexM3\ARM_GCC_541\Debug\ServoArm.o
                0x000003ac                LOFT
 .text.SANK     0x00000454       0x98 .\CortexM3\ARM_GCC_541\Debug\ServoArm.o
                0x00000454                SANK
 .text.writesToUART
                0x000004ec       0x2c .\CortexM3\ARM_GCC_541\Debug\Sensor.o
                0x000004ec                writesToUART
 .text.CyClockStartupError
                0x00000518        0x4 .\CortexM3\ARM_GCC_541\Debug\cyfitter_cfg.o
 .text.cfg_write_bytes32
                0x0000051c       0x34 .\CortexM3\ARM_GCC_541\Debug\cyfitter_cfg.o
 .text.AnalogSetDefault
                0x00000550       0x28 .\CortexM3\ARM_GCC_541\Debug\cyfitter_cfg.o
 .text.CYMEMZERO
                0x00000578        0xc .\CortexM3\ARM_GCC_541\Debug\cyfitter_cfg.o
 .text.ClockSetup
                0x00000584      0x100 .\CortexM3\ARM_GCC_541\Debug\cyfitter_cfg.o
 .text.CYCONFIGCPY
                0x00000684        0x8 .\CortexM3\ARM_GCC_541\Debug\cyfitter_cfg.o
 .text.cyfitter_cfg
                0x0000068c      0x120 .\CortexM3\ARM_GCC_541\Debug\cyfitter_cfg.o
                0x0000068c                cyfitter_cfg
 .text.IntDefaultHandler
                0x000007ac       0x10 .\CortexM3\ARM_GCC_541\Debug\Cm3Start.o
                0x000007ac                IntDefaultHandler
 .text._sbrk    0x000007bc       0x30 .\CortexM3\ARM_GCC_541\Debug\Cm3Start.o
                0x000007bc                _sbrk
 .text.Start_c  0x000007ec       0x4c .\CortexM3\ARM_GCC_541\Debug\Cm3Start.o
                0x000007ec                Start_c
 .text.initialize_psoc
                0x00000838       0x68 .\CortexM3\ARM_GCC_541\Debug\Cm3Start.o
                0x00000838                initialize_psoc
 .text.UART_1_Init
                0x000008a0       0x24 .\CortexM3\ARM_GCC_541\Debug\ProjektBIL.a(UART_1.o)
                0x000008a0                UART_1_Init
 .text.UART_1_Enable
                0x000008c4       0x38 .\CortexM3\ARM_GCC_541\Debug\ProjektBIL.a(UART_1.o)
                0x000008c4                UART_1_Enable
 .text.UART_1_Start
                0x000008fc       0x1c .\CortexM3\ARM_GCC_541\Debug\ProjektBIL.a(UART_1.o)
                0x000008fc                UART_1_Start
 .text.UART_1_ReadRxData
                0x00000918        0xc .\CortexM3\ARM_GCC_541\Debug\ProjektBIL.a(UART_1.o)
                0x00000918                UART_1_ReadRxData
 .text.UART_1_GetRxBufferSize
                0x00000924       0x18 .\CortexM3\ARM_GCC_541\Debug\ProjektBIL.a(UART_1.o)
                0x00000924                UART_1_GetRxBufferSize
 .text.UART_1_WriteTxData
                0x0000093c       0x14 .\CortexM3\ARM_GCC_541\Debug\ProjektBIL.a(UART_1.o)
                0x0000093c                UART_1_WriteTxData
 .text.UART_1_PutChar
                0x00000950       0x18 .\CortexM3\ARM_GCC_541\Debug\ProjektBIL.a(UART_1.o)
                0x00000950                UART_1_PutChar
 .text.UART_1_PutString
                0x00000968       0x24 .\CortexM3\ARM_GCC_541\Debug\ProjektBIL.a(UART_1.o)
                0x00000968                UART_1_PutString
 .text.isr_uart_rx_SetVector
                0x0000098c        0xc .\CortexM3\ARM_GCC_541\Debug\ProjektBIL.a(isr_uart_rx.o)
                0x0000098c                isr_uart_rx_SetVector
 .text.isr_uart_rx_SetPriority
                0x00000998       0x10 .\CortexM3\ARM_GCC_541\Debug\ProjektBIL.a(isr_uart_rx.o)
                0x00000998                isr_uart_rx_SetPriority
 .text.isr_uart_rx_Enable
                0x000009a8        0xc .\CortexM3\ARM_GCC_541\Debug\ProjektBIL.a(isr_uart_rx.o)
                0x000009a8                isr_uart_rx_Enable
 .text.isr_uart_rx_Disable
                0x000009b4        0xc .\CortexM3\ARM_GCC_541\Debug\ProjektBIL.a(isr_uart_rx.o)
                0x000009b4                isr_uart_rx_Disable
 .text.isr_uart_rx_StartEx
                0x000009c0       0x1c .\CortexM3\ARM_GCC_541\Debug\ProjektBIL.a(isr_uart_rx.o)
                0x000009c0                isr_uart_rx_StartEx
 .text.PWM_2_Enable
                0x000009dc       0x10 .\CortexM3\ARM_GCC_541\Debug\ProjektBIL.a(PWM_2.o)
                0x000009dc                PWM_2_Enable
 .text.PWM_2_WriteCounter
                0x000009ec        0xc .\CortexM3\ARM_GCC_541\Debug\ProjektBIL.a(PWM_2.o)
                0x000009ec                PWM_2_WriteCounter
 .text.PWM_2_WritePeriod
                0x000009f8        0xc .\CortexM3\ARM_GCC_541\Debug\ProjektBIL.a(PWM_2.o)
                0x000009f8                PWM_2_WritePeriod
 .text.PWM_2_WriteCompare
                0x00000a04        0xc .\CortexM3\ARM_GCC_541\Debug\ProjektBIL.a(PWM_2.o)
                0x00000a04                PWM_2_WriteCompare
 .text.PWM_2_SetInterruptMode
                0x00000a10        0xc .\CortexM3\ARM_GCC_541\Debug\ProjektBIL.a(PWM_2.o)
                0x00000a10                PWM_2_SetInterruptMode
 .text.PWM_2_ReadStatusRegister
                0x00000a1c        0xc .\CortexM3\ARM_GCC_541\Debug\ProjektBIL.a(PWM_2.o)
                0x00000a1c                PWM_2_ReadStatusRegister
 .text.PWM_2_ReadCapture
                0x00000a28        0xc .\CortexM3\ARM_GCC_541\Debug\ProjektBIL.a(PWM_2.o)
                0x00000a28                PWM_2_ReadCapture
 .text.PWM_2_ClearFIFO
                0x00000a34       0x14 .\CortexM3\ARM_GCC_541\Debug\ProjektBIL.a(PWM_2.o)
                0x00000a34                PWM_2_ClearFIFO
 .text.PWM_2_Init
                0x00000a48       0x60 .\CortexM3\ARM_GCC_541\Debug\ProjektBIL.a(PWM_2.o)
                0x00000a48                PWM_2_Init
 .text.PWM_2_Start
                0x00000aa8       0x1c .\CortexM3\ARM_GCC_541\Debug\ProjektBIL.a(PWM_2.o)
                0x00000aa8                PWM_2_Start
 .text.UART_1_IntClock_Start
                0x00000ac4       0x1c .\CortexM3\ARM_GCC_541\Debug\ProjektBIL.a(UART_1_IntClock.o)
                0x00000ac4                UART_1_IntClock_Start
 .text.CyDelay  0x00000ae0       0x2c .\CortexM3\ARM_GCC_541\Debug\ProjektBIL.a(CyLib.o)
                0x00000ae0                CyDelay
 .text.CyDelayUs
                0x00000b0c       0x14 .\CortexM3\ARM_GCC_541\Debug\ProjektBIL.a(CyLib.o)
                0x00000b0c                CyDelayUs
 .text.PWMA_Enable
                0x00000b20       0x10 .\CortexM3\ARM_GCC_541\Debug\ProjektBIL.a(PWMA.o)
                0x00000b20                PWMA_Enable
 .text.PWMA_WriteCounter
                0x00000b30        0xc .\CortexM3\ARM_GCC_541\Debug\ProjektBIL.a(PWMA.o)
                0x00000b30                PWMA_WriteCounter
 .text.PWMA_WritePeriod
                0x00000b3c        0xc .\CortexM3\ARM_GCC_541\Debug\ProjektBIL.a(PWMA.o)
                0x00000b3c                PWMA_WritePeriod
 .text.PWMA_WriteCompare
                0x00000b48        0xc .\CortexM3\ARM_GCC_541\Debug\ProjektBIL.a(PWMA.o)
                0x00000b48                PWMA_WriteCompare
 .text.PWMA_SetInterruptMode
                0x00000b54        0xc .\CortexM3\ARM_GCC_541\Debug\ProjektBIL.a(PWMA.o)
                0x00000b54                PWMA_SetInterruptMode
 .text.PWMA_ReadStatusRegister
                0x00000b60        0xc .\CortexM3\ARM_GCC_541\Debug\ProjektBIL.a(PWMA.o)
                0x00000b60                PWMA_ReadStatusRegister
 .text.PWMA_ReadCapture
                0x00000b6c        0xc .\CortexM3\ARM_GCC_541\Debug\ProjektBIL.a(PWMA.o)
                0x00000b6c                PWMA_ReadCapture
 .text.PWMA_ClearFIFO
                0x00000b78       0x14 .\CortexM3\ARM_GCC_541\Debug\ProjektBIL.a(PWMA.o)
                0x00000b78                PWMA_ClearFIFO
 .text.PWMA_Init
                0x00000b8c       0x50 .\CortexM3\ARM_GCC_541\Debug\ProjektBIL.a(PWMA.o)
                0x00000b8c                PWMA_Init
 .text.PWMA_Start
                0x00000bdc       0x1c .\CortexM3\ARM_GCC_541\Debug\ProjektBIL.a(PWMA.o)
                0x00000bdc                PWMA_Start
 .text.Ain2_Write
                0x00000bf8       0x18 .\CortexM3\ARM_GCC_541\Debug\ProjektBIL.a(Ain2.o)
                0x00000bf8                Ain2_Write
 .text.Ain1_Write
                0x00000c10       0x18 .\CortexM3\ARM_GCC_541\Debug\ProjektBIL.a(Ain1.o)
                0x00000c10                Ain1_Write
 .text.PWMB_Enable
                0x00000c28       0x10 .\CortexM3\ARM_GCC_541\Debug\ProjektBIL.a(PWMB.o)
                0x00000c28                PWMB_Enable
 .text.PWMB_WriteCounter
                0x00000c38        0xc .\CortexM3\ARM_GCC_541\Debug\ProjektBIL.a(PWMB.o)
                0x00000c38                PWMB_WriteCounter
 .text.PWMB_WritePeriod
                0x00000c44        0xc .\CortexM3\ARM_GCC_541\Debug\ProjektBIL.a(PWMB.o)
                0x00000c44                PWMB_WritePeriod
 .text.PWMB_WriteCompare
                0x00000c50        0xc .\CortexM3\ARM_GCC_541\Debug\ProjektBIL.a(PWMB.o)
                0x00000c50                PWMB_WriteCompare
 .text.PWMB_SetInterruptMode
                0x00000c5c        0xc .\CortexM3\ARM_GCC_541\Debug\ProjektBIL.a(PWMB.o)
                0x00000c5c                PWMB_SetInterruptMode
 .text.PWMB_ReadStatusRegister
                0x00000c68        0xc .\CortexM3\ARM_GCC_541\Debug\ProjektBIL.a(PWMB.o)
                0x00000c68                PWMB_ReadStatusRegister
 .text.PWMB_ReadCapture
                0x00000c74        0xc .\CortexM3\ARM_GCC_541\Debug\ProjektBIL.a(PWMB.o)
                0x00000c74                PWMB_ReadCapture
 .text.PWMB_ClearFIFO
                0x00000c80       0x14 .\CortexM3\ARM_GCC_541\Debug\ProjektBIL.a(PWMB.o)
                0x00000c80                PWMB_ClearFIFO
 .text.PWMB_Init
                0x00000c94       0x50 .\CortexM3\ARM_GCC_541\Debug\ProjektBIL.a(PWMB.o)
                0x00000c94                PWMB_Init
 .text.PWMB_Start
                0x00000ce4       0x1c .\CortexM3\ARM_GCC_541\Debug\ProjektBIL.a(PWMB.o)
                0x00000ce4                PWMB_Start
 .text.Bin1_Write
                0x00000d00       0x18 .\CortexM3\ARM_GCC_541\Debug\ProjektBIL.a(Bin1.o)
                0x00000d00                Bin1_Write
 .text.Bin2_Write
                0x00000d18       0x18 .\CortexM3\ARM_GCC_541\Debug\ProjektBIL.a(Bin2.o)
                0x00000d18                Bin2_Write
 .text.stby_Write
                0x00000d30       0x18 .\CortexM3\ARM_GCC_541\Debug\ProjektBIL.a(stby.o)
                0x00000d30                stby_Write
 .text.PWM_4_Enable
                0x00000d48       0x10 .\CortexM3\ARM_GCC_541\Debug\ProjektBIL.a(PWM_4.o)
                0x00000d48                PWM_4_Enable
 .text.PWM_4_WriteCounter
                0x00000d58        0xc .\CortexM3\ARM_GCC_541\Debug\ProjektBIL.a(PWM_4.o)
                0x00000d58                PWM_4_WriteCounter
 .text.PWM_4_WritePeriod
                0x00000d64        0xc .\CortexM3\ARM_GCC_541\Debug\ProjektBIL.a(PWM_4.o)
                0x00000d64                PWM_4_WritePeriod
 .text.PWM_4_WriteCompare
                0x00000d70        0xc .\CortexM3\ARM_GCC_541\Debug\ProjektBIL.a(PWM_4.o)
                0x00000d70                PWM_4_WriteCompare
 .text.PWM_4_SetInterruptMode
                0x00000d7c        0xc .\CortexM3\ARM_GCC_541\Debug\ProjektBIL.a(PWM_4.o)
                0x00000d7c                PWM_4_SetInterruptMode
 .text.PWM_4_ReadStatusRegister
                0x00000d88        0xc .\CortexM3\ARM_GCC_541\Debug\ProjektBIL.a(PWM_4.o)
                0x00000d88                PWM_4_ReadStatusRegister
 .text.PWM_4_ReadCapture
                0x00000d94        0xc .\CortexM3\ARM_GCC_541\Debug\ProjektBIL.a(PWM_4.o)
                0x00000d94                PWM_4_ReadCapture
 .text.PWM_4_ClearFIFO
                0x00000da0       0x14 .\CortexM3\ARM_GCC_541\Debug\ProjektBIL.a(PWM_4.o)
                0x00000da0                PWM_4_ClearFIFO
 .text.PWM_4_Init
                0x00000db4       0x60 .\CortexM3\ARM_GCC_541\Debug\ProjektBIL.a(PWM_4.o)
                0x00000db4                PWM_4_Init
 .text.PWM_4_Start
                0x00000e14       0x1c .\CortexM3\ARM_GCC_541\Debug\ProjektBIL.a(PWM_4.o)
                0x00000e14                PWM_4_Start
 .text.PWM_6_Enable
                0x00000e30       0x10 .\CortexM3\ARM_GCC_541\Debug\ProjektBIL.a(PWM_6.o)
                0x00000e30                PWM_6_Enable
 .text.PWM_6_WriteCounter
                0x00000e40        0xc .\CortexM3\ARM_GCC_541\Debug\ProjektBIL.a(PWM_6.o)
                0x00000e40                PWM_6_WriteCounter
 .text.PWM_6_WritePeriod
                0x00000e4c        0xc .\CortexM3\ARM_GCC_541\Debug\ProjektBIL.a(PWM_6.o)
                0x00000e4c                PWM_6_WritePeriod
 .text.PWM_6_WriteCompare
                0x00000e58        0xc .\CortexM3\ARM_GCC_541\Debug\ProjektBIL.a(PWM_6.o)
                0x00000e58                PWM_6_WriteCompare
 .text.PWM_6_SetInterruptMode
                0x00000e64        0xc .\CortexM3\ARM_GCC_541\Debug\ProjektBIL.a(PWM_6.o)
                0x00000e64                PWM_6_SetInterruptMode
 .text.PWM_6_ReadStatusRegister
                0x00000e70        0xc .\CortexM3\ARM_GCC_541\Debug\ProjektBIL.a(PWM_6.o)
                0x00000e70                PWM_6_ReadStatusRegister
 .text.PWM_6_ReadCapture
                0x00000e7c        0xc .\CortexM3\ARM_GCC_541\Debug\ProjektBIL.a(PWM_6.o)
                0x00000e7c                PWM_6_ReadCapture
 .text.PWM_6_ClearFIFO
                0x00000e88       0x14 .\CortexM3\ARM_GCC_541\Debug\ProjektBIL.a(PWM_6.o)
                0x00000e88                PWM_6_ClearFIFO
 .text.PWM_6_Init
                0x00000e9c       0x60 .\CortexM3\ARM_GCC_541\Debug\ProjektBIL.a(PWM_6.o)
                0x00000e9c                PWM_6_Init
 .text.PWM_6_Start
                0x00000efc       0x1c .\CortexM3\ARM_GCC_541\Debug\ProjektBIL.a(PWM_6.o)
                0x00000efc                PWM_6_Start
 .text.PWM_3_Enable
                0x00000f18       0x10 .\CortexM3\ARM_GCC_541\Debug\ProjektBIL.a(PWM_3.o)
                0x00000f18                PWM_3_Enable
 .text.PWM_3_WriteCounter
                0x00000f28        0xc .\CortexM3\ARM_GCC_541\Debug\ProjektBIL.a(PWM_3.o)
                0x00000f28                PWM_3_WriteCounter
 .text.PWM_3_WritePeriod
                0x00000f34        0xc .\CortexM3\ARM_GCC_541\Debug\ProjektBIL.a(PWM_3.o)
                0x00000f34                PWM_3_WritePeriod
 .text.PWM_3_WriteCompare
                0x00000f40        0xc .\CortexM3\ARM_GCC_541\Debug\ProjektBIL.a(PWM_3.o)
                0x00000f40                PWM_3_WriteCompare
 .text.PWM_3_SetInterruptMode
                0x00000f4c        0xc .\CortexM3\ARM_GCC_541\Debug\ProjektBIL.a(PWM_3.o)
                0x00000f4c                PWM_3_SetInterruptMode
 .text.PWM_3_ReadStatusRegister
                0x00000f58        0xc .\CortexM3\ARM_GCC_541\Debug\ProjektBIL.a(PWM_3.o)
                0x00000f58                PWM_3_ReadStatusRegister
 .text.PWM_3_ReadCapture
                0x00000f64        0xc .\CortexM3\ARM_GCC_541\Debug\ProjektBIL.a(PWM_3.o)
                0x00000f64                PWM_3_ReadCapture
 .text.PWM_3_ClearFIFO
                0x00000f70       0x14 .\CortexM3\ARM_GCC_541\Debug\ProjektBIL.a(PWM_3.o)
                0x00000f70                PWM_3_ClearFIFO
 .text.PWM_3_Init
                0x00000f84       0x60 .\CortexM3\ARM_GCC_541\Debug\ProjektBIL.a(PWM_3.o)
                0x00000f84                PWM_3_Init
 .text.PWM_3_Start
                0x00000fe4       0x1c .\CortexM3\ARM_GCC_541\Debug\ProjektBIL.a(PWM_3.o)
                0x00000fe4                PWM_3_Start
 .text.Echo_Read
                0x00001000        0xc .\CortexM3\ARM_GCC_541\Debug\ProjektBIL.a(Echo.o)
                0x00001000                Echo_Read
 .text.Timer_1_Enable
                0x0000100c       0x28 .\CortexM3\ARM_GCC_541\Debug\ProjektBIL.a(Timer_1.o)
                0x0000100c                Timer_1_Enable
 .text.Timer_1_SetInterruptMode
                0x00001034        0xc .\CortexM3\ARM_GCC_541\Debug\ProjektBIL.a(Timer_1.o)
                0x00001034                Timer_1_SetInterruptMode
 .text.Timer_1_WritePeriod
                0x00001040        0xc .\CortexM3\ARM_GCC_541\Debug\ProjektBIL.a(Timer_1.o)
                0x00001040                Timer_1_WritePeriod
 .text.Timer_1_WriteCounter
                0x0000104c        0xc .\CortexM3\ARM_GCC_541\Debug\ProjektBIL.a(Timer_1.o)
                0x0000104c                Timer_1_WriteCounter
 .text.Timer_1_Init
                0x00001058       0x8c .\CortexM3\ARM_GCC_541\Debug\ProjektBIL.a(Timer_1.o)
                0x00001058                Timer_1_Init
 .text.Timer_1_Start
                0x000010e4       0x1c .\CortexM3\ARM_GCC_541\Debug\ProjektBIL.a(Timer_1.o)
                0x000010e4                Timer_1_Start
 .text.Timer_1_ReadCounter
                0x00001100       0x14 .\CortexM3\ARM_GCC_541\Debug\ProjektBIL.a(Timer_1.o)
                0x00001100                Timer_1_ReadCounter
 .text.Control_Reg_1_Write
                0x00001114        0xc .\CortexM3\ARM_GCC_541\Debug\ProjektBIL.a(Control_Reg_1.o)
                0x00001114                Control_Reg_1_Write
 .text          0x00001120       0x20 .\CortexM3\ARM_GCC_541\Debug\ProjektBIL.a(CyBootAsmGnu.o)
                0x00001120                CyDelayCycles
                0x00001130                CyEnterCriticalSection
                0x00001138                CyExitCriticalSection
 .text          0x00001140      0x370 c:/program files (x86)/cypress/psoc creator/4.2/psoc creator/import/gnu/arm/5.4.1/bin/../lib/gcc/arm-none-eabi/5.4.1/armv7-m\libgcc.a(_arm_addsubdf3.o)
                0x00001140                __aeabi_drsub
                0x00001148                __aeabi_dsub
                0x00001148                __subdf3
                0x0000114c                __aeabi_dadd
                0x0000114c                __adddf3
                0x000013c4                __floatunsidf
                0x000013c4                __aeabi_ui2d
                0x000013e4                __floatsidf
                0x000013e4                __aeabi_i2d
                0x00001408                __aeabi_f2d
                0x00001408                __extendsfdf2
                0x00001444                __floatundidf
                0x00001444                __aeabi_ul2d
                0x00001454                __floatdidf
                0x00001454                __aeabi_l2d
 .text          0x000014b0      0x21c c:/program files (x86)/cypress/psoc creator/4.2/psoc creator/import/gnu/arm/5.4.1/bin/../lib/gcc/arm-none-eabi/5.4.1/armv7-m\libgcc.a(_arm_addsubsf3.o)
                0x000014b0                __aeabi_frsub
                0x000014b8                __subsf3
                0x000014b8                __aeabi_fsub
                0x000014bc                __aeabi_fadd
                0x000014bc                __addsf3
                0x0000161c                __aeabi_ui2f
                0x0000161c                __floatunsisf
                0x00001624                __aeabi_i2f
                0x00001624                __floatsisf
                0x00001640                __aeabi_ul2f
                0x00001640                __floatundisf
                0x00001650                __aeabi_l2f
                0x00001650                __floatdisf
 .text          0x000016cc      0x2a0 c:/program files (x86)/cypress/psoc creator/4.2/psoc creator/import/gnu/arm/5.4.1/bin/../lib/gcc/arm-none-eabi/5.4.1/armv7-m\libgcc.a(_arm_muldivsf3.o)
                0x000016cc                __mulsf3
                0x000016cc                __aeabi_fmul
                0x00001834                __aeabi_fdiv
                0x00001834                __divsf3
 .text          0x0000196c       0xec c:/program files (x86)/cypress/psoc creator/4.2/psoc creator/import/gnu/arm/5.4.1/bin/../lib/gcc/arm-none-eabi/5.4.1/armv7-m\libgcc.a(_arm_cmpsf2.o)
                0x0000196c                __gesf2
                0x0000196c                __gtsf2
                0x00001974                __lesf2
                0x00001974                __ltsf2
                0x0000197c                __nesf2
                0x0000197c                __eqsf2
                0x0000197c                __cmpsf2
                0x000019dc                __aeabi_cfrcmple
                0x000019e4                __aeabi_cfcmpeq
                0x000019e4                __aeabi_cfcmple
                0x000019f4                __aeabi_fcmpeq
                0x00001a08                __aeabi_fcmplt
                0x00001a1c                __aeabi_fcmple
                0x00001a30                __aeabi_fcmpge
                0x00001a44                __aeabi_fcmpgt
 .text.__errno  0x00001a58        0xc c:/program files (x86)/cypress/psoc creator/4.2/psoc creator/import/gnu/arm/5.4.1/bin/../lib/gcc/arm-none-eabi/5.4.1/../../../../arm-none-eabi/lib/armv7-m\libg_nano.a(lib_a-errno.o)
                0x00001a58                __errno
 .text.__libc_init_array
                0x00001a64       0x4c c:/program files (x86)/cypress/psoc creator/4.2/psoc creator/import/gnu/arm/5.4.1/bin/../lib/gcc/arm-none-eabi/5.4.1/../../../../arm-none-eabi/lib/armv7-m\libg_nano.a(lib_a-init.o)
                0x00001a64                __libc_init_array
 .text.memcpy   0x00001ab0       0x16 c:/program files (x86)/cypress/psoc creator/4.2/psoc creator/import/gnu/arm/5.4.1/bin/../lib/gcc/arm-none-eabi/5.4.1/../../../../arm-none-eabi/lib/armv7-m\libg_nano.a(lib_a-memcpy-stub.o)
                0x00001ab0                memcpy
 .text.memset   0x00001ac6       0x10 c:/program files (x86)/cypress/psoc creator/4.2/psoc creator/import/gnu/arm/5.4.1/bin/../lib/gcc/arm-none-eabi/5.4.1/../../../../arm-none-eabi/lib/armv7-m\libg_nano.a(lib_a-memset.o)
                0x00001ac6                memset
 .text.__cvt    0x00001ad6       0xc0 c:/program files (x86)/cypress/psoc creator/4.2/psoc creator/import/gnu/arm/5.4.1/bin/../lib/gcc/arm-none-eabi/5.4.1/../../../../arm-none-eabi/lib/armv7-m\libg_nano.a(lib_a-nano-vfprintf_float.o)
                0x00001ad6                __cvt
 .text.__exponent
                0x00001b96       0x62 c:/program files (x86)/cypress/psoc creator/4.2/psoc creator/import/gnu/arm/5.4.1/bin/../lib/gcc/arm-none-eabi/5.4.1/../../../../arm-none-eabi/lib/armv7-m\libg_nano.a(lib_a-nano-vfprintf_float.o)
                0x00001b96                __exponent
 .text._printf_float
                0x00001bf8      0x488 c:/program files (x86)/cypress/psoc creator/4.2/psoc creator/import/gnu/arm/5.4.1/bin/../lib/gcc/arm-none-eabi/5.4.1/../../../../arm-none-eabi/lib/armv7-m\libg_nano.a(lib_a-nano-vfprintf_float.o)
                0x00001bf8                _printf_float
 .text._printf_common
                0x00002080       0xec c:/program files (x86)/cypress/psoc creator/4.2/psoc creator/import/gnu/arm/5.4.1/bin/../lib/gcc/arm-none-eabi/5.4.1/../../../../arm-none-eabi/lib/armv7-m\libg_nano.a(lib_a-nano-vfprintf_i.o)
                0x00002080                _printf_common
 .text._printf_i
                0x0000216c      0x24c c:/program files (x86)/cypress/psoc creator/4.2/psoc creator/import/gnu/arm/5.4.1/bin/../lib/gcc/arm-none-eabi/5.4.1/../../../../arm-none-eabi/lib/armv7-m\libg_nano.a(lib_a-nano-vfprintf_i.o)
                0x0000216c                _printf_i
 .text.snprintf
                0x000023b8       0x64 c:/program files (x86)/cypress/psoc creator/4.2/psoc creator/import/gnu/arm/5.4.1/bin/../lib/gcc/arm-none-eabi/5.4.1/../../../../arm-none-eabi/lib/armv7-m\libg_nano.a(lib_a-snprintf.o)
                0x000023b8                sniprintf
                0x000023b8                snprintf
 .text          0x0000241c       0x10 c:/program files (x86)/cypress/psoc creator/4.2/psoc creator/import/gnu/arm/5.4.1/bin/../lib/gcc/arm-none-eabi/5.4.1/../../../../arm-none-eabi/lib/armv7-m\libg_nano.a(lib_a-strlen.o)
                0x0000241c                strlen
 .text.quorem   0x0000242c      0x116 c:/program files (x86)/cypress/psoc creator/4.2/psoc creator/import/gnu/arm/5.4.1/bin/../lib/gcc/arm-none-eabi/5.4.1/../../../../arm-none-eabi/lib/armv7-m\libg_nano.a(lib_a-dtoa.o)
 *fill*         0x00002542        0x6 
 .text._dtoa_r  0x00002548      0xb30 c:/program files (x86)/cypress/psoc creator/4.2/psoc creator/import/gnu/arm/5.4.1/bin/../lib/gcc/arm-none-eabi/5.4.1/../../../../arm-none-eabi/lib/armv7-m\libg_nano.a(lib_a-dtoa.o)
                0x00002548                _dtoa_r
 .text._localeconv_r
                0x00003078        0x8 c:/program files (x86)/cypress/psoc creator/4.2/psoc creator/import/gnu/arm/5.4.1/bin/../lib/gcc/arm-none-eabi/5.4.1/../../../../arm-none-eabi/lib/armv7-m\libg_nano.a(lib_a-locale.o)
                0x00003078                _localeconv_r
 .text.malloc   0x00003080       0x10 c:/program files (x86)/cypress/psoc creator/4.2/psoc creator/import/gnu/arm/5.4.1/bin/../lib/gcc/arm-none-eabi/5.4.1/../../../../arm-none-eabi/lib/armv7-m\libg_nano.a(lib_a-malloc.o)
                0x00003080                malloc
 .text.memchr   0x00003090       0x1c c:/program files (x86)/cypress/psoc creator/4.2/psoc creator/import/gnu/arm/5.4.1/bin/../lib/gcc/arm-none-eabi/5.4.1/../../../../arm-none-eabi/lib/armv7-m\libg_nano.a(lib_a-memchr-stub.o)
                0x00003090                memchr
 .text._Balloc  0x000030ac       0x6a c:/program files (x86)/cypress/psoc creator/4.2/psoc creator/import/gnu/arm/5.4.1/bin/../lib/gcc/arm-none-eabi/5.4.1/../../../../arm-none-eabi/lib/armv7-m\libg_nano.a(lib_a-mprec.o)
                0x000030ac                _Balloc
 .text._Bfree   0x00003116       0x2e c:/program files (x86)/cypress/psoc creator/4.2/psoc creator/import/gnu/arm/5.4.1/bin/../lib/gcc/arm-none-eabi/5.4.1/../../../../arm-none-eabi/lib/armv7-m\libg_nano.a(lib_a-mprec.o)
                0x00003116                _Bfree
 .text.__multadd
                0x00003144       0x76 c:/program files (x86)/cypress/psoc creator/4.2/psoc creator/import/gnu/arm/5.4.1/bin/../lib/gcc/arm-none-eabi/5.4.1/../../../../arm-none-eabi/lib/armv7-m\libg_nano.a(lib_a-mprec.o)
                0x00003144                __multadd
 .text.__hi0bits
                0x000031ba       0x40 c:/program files (x86)/cypress/psoc creator/4.2/psoc creator/import/gnu/arm/5.4.1/bin/../lib/gcc/arm-none-eabi/5.4.1/../../../../arm-none-eabi/lib/armv7-m\libg_nano.a(lib_a-mprec.o)
                0x000031ba                __hi0bits
 .text.__lo0bits
                0x000031fa       0x5a c:/program files (x86)/cypress/psoc creator/4.2/psoc creator/import/gnu/arm/5.4.1/bin/../lib/gcc/arm-none-eabi/5.4.1/../../../../arm-none-eabi/lib/armv7-m\libg_nano.a(lib_a-mprec.o)
                0x000031fa                __lo0bits
 .text.__i2b    0x00003254       0x12 c:/program files (x86)/cypress/psoc creator/4.2/psoc creator/import/gnu/arm/5.4.1/bin/../lib/gcc/arm-none-eabi/5.4.1/../../../../arm-none-eabi/lib/armv7-m\libg_nano.a(lib_a-mprec.o)
                0x00003254                __i2b
 .text.__multiply
                0x00003266      0x120 c:/program files (x86)/cypress/psoc creator/4.2/psoc creator/import/gnu/arm/5.4.1/bin/../lib/gcc/arm-none-eabi/5.4.1/../../../../arm-none-eabi/lib/armv7-m\libg_nano.a(lib_a-mprec.o)
                0x00003266                __multiply
 *fill*         0x00003386        0x2 
 .text.__pow5mult
                0x00003388       0x9c c:/program files (x86)/cypress/psoc creator/4.2/psoc creator/import/gnu/arm/5.4.1/bin/../lib/gcc/arm-none-eabi/5.4.1/../../../../arm-none-eabi/lib/armv7-m\libg_nano.a(lib_a-mprec.o)
                0x00003388                __pow5mult
 .text.__lshift
                0x00003424       0xa2 c:/program files (x86)/cypress/psoc creator/4.2/psoc creator/import/gnu/arm/5.4.1/bin/../lib/gcc/arm-none-eabi/5.4.1/../../../../arm-none-eabi/lib/armv7-m\libg_nano.a(lib_a-mprec.o)
                0x00003424                __lshift
 .text.__mcmp   0x000034c6       0x38 c:/program files (x86)/cypress/psoc creator/4.2/psoc creator/import/gnu/arm/5.4.1/bin/../lib/gcc/arm-none-eabi/5.4.1/../../../../arm-none-eabi/lib/armv7-m\libg_nano.a(lib_a-mprec.o)
                0x000034c6                __mcmp
 .text.__mdiff  0x000034fe       0xbe c:/program files (x86)/cypress/psoc creator/4.2/psoc creator/import/gnu/arm/5.4.1/bin/../lib/gcc/arm-none-eabi/5.4.1/../../../../arm-none-eabi/lib/armv7-m\libg_nano.a(lib_a-mprec.o)
                0x000034fe                __mdiff
 .text.__d2b    0x000035bc       0x9c c:/program files (x86)/cypress/psoc creator/4.2/psoc creator/import/gnu/arm/5.4.1/bin/../lib/gcc/arm-none-eabi/5.4.1/../../../../arm-none-eabi/lib/armv7-m\libg_nano.a(lib_a-mprec.o)
                0x000035bc                __d2b
 .text._calloc_r
                0x00003658       0x1c c:/program files (x86)/cypress/psoc creator/4.2/psoc creator/import/gnu/arm/5.4.1/bin/../lib/gcc/arm-none-eabi/5.4.1/../../../../arm-none-eabi/lib/armv7-m\libg_nano.a(lib_a-nano-callocr.o)
                0x00003658                _calloc_r
 .text._free_r  0x00003674       0x98 c:/program files (x86)/cypress/psoc creator/4.2/psoc creator/import/gnu/arm/5.4.1/bin/../lib/gcc/arm-none-eabi/5.4.1/../../../../arm-none-eabi/lib/armv7-m\libg_nano.a(lib_a-nano-freer.o)
                0x00003674                _free_r
 .text._malloc_r
                0x0000370c       0xbc c:/program files (x86)/cypress/psoc creator/4.2/psoc creator/import/gnu/arm/5.4.1/bin/../lib/gcc/arm-none-eabi/5.4.1/../../../../arm-none-eabi/lib/armv7-m\libg_nano.a(lib_a-nano-mallocr.o)
                0x0000370c                _malloc_r
 .text.__ssputs_r
                0x000037c8       0xb2 c:/program files (x86)/cypress/psoc creator/4.2/psoc creator/import/gnu/arm/5.4.1/bin/../lib/gcc/arm-none-eabi/5.4.1/../../../../arm-none-eabi/lib/armv7-m\libg_nano.a(lib_a-nano-svfprintf.o)
                0x000037c8                __ssputs_r
 *fill*         0x0000387a        0x2 
 .text._svfprintf_r
                0x0000387c      0x1e8 c:/program files (x86)/cypress/psoc creator/4.2/psoc creator/import/gnu/arm/5.4.1/bin/../lib/gcc/arm-none-eabi/5.4.1/../../../../arm-none-eabi/lib/armv7-m\libg_nano.a(lib_a-nano-svfprintf.o)
                0x0000387c                _svfiprintf_r
                0x0000387c                _svfprintf_r
 .text._sbrk_r  0x00003a64       0x20 c:/program files (x86)/cypress/psoc creator/4.2/psoc creator/import/gnu/arm/5.4.1/bin/../lib/gcc/arm-none-eabi/5.4.1/../../../../arm-none-eabi/lib/armv7-m\libg_nano.a(lib_a-sbrkr.o)
                0x00003a64                _sbrk_r
 .text.memmove  0x00003a84       0x36 c:/program files (x86)/cypress/psoc creator/4.2/psoc creator/import/gnu/arm/5.4.1/bin/../lib/gcc/arm-none-eabi/5.4.1/../../../../arm-none-eabi/lib/armv7-m\libg_nano.a(lib_a-memmove.o)
                0x00003a84                memmove
 .text.__malloc_lock
                0x00003aba        0x2 c:/program files (x86)/cypress/psoc creator/4.2/psoc creator/import/gnu/arm/5.4.1/bin/../lib/gcc/arm-none-eabi/5.4.1/../../../../arm-none-eabi/lib/armv7-m\libg_nano.a(lib_a-mlock.o)
                0x00003aba                __malloc_lock
 .text.__malloc_unlock
                0x00003abc        0x2 c:/program files (x86)/cypress/psoc creator/4.2/psoc creator/import/gnu/arm/5.4.1/bin/../lib/gcc/arm-none-eabi/5.4.1/../../../../arm-none-eabi/lib/armv7-m\libg_nano.a(lib_a-mlock.o)
                0x00003abc                __malloc_unlock
 .text._realloc_r
                0x00003abe       0x4c c:/program files (x86)/cypress/psoc creator/4.2/psoc creator/import/gnu/arm/5.4.1/bin/../lib/gcc/arm-none-eabi/5.4.1/../../../../arm-none-eabi/lib/armv7-m\libg_nano.a(lib_a-nano-reallocr.o)
                0x00003abe                _realloc_r
 .text._malloc_usable_size_r
                0x00003b0a       0x14 c:/program files (x86)/cypress/psoc creator/4.2/psoc creator/import/gnu/arm/5.4.1/bin/../lib/gcc/arm-none-eabi/5.4.1/../../../../arm-none-eabi/lib/armv7-m\libg_nano.a(lib_a-nano-msizer.o)
                0x00003b0a                _malloc_usable_size_r
 *fill*         0x00003b1e        0x2 
 .text          0x00003b20      0x424 c:/program files (x86)/cypress/psoc creator/4.2/psoc creator/import/gnu/arm/5.4.1/bin/../lib/gcc/arm-none-eabi/5.4.1/armv7-m\libgcc.a(_arm_muldivdf3.o)
                0x00003b20                __aeabi_dmul
                0x00003b20                __muldf3
                0x00003d74                __divdf3
                0x00003d74                __aeabi_ddiv
 .text          0x00003f44      0x110 c:/program files (x86)/cypress/psoc creator/4.2/psoc creator/import/gnu/arm/5.4.1/bin/../lib/gcc/arm-none-eabi/5.4.1/armv7-m\libgcc.a(_arm_cmpdf2.o)
                0x00003f44                __gtdf2
                0x00003f44                __gedf2
                0x00003f4c                __ltdf2
                0x00003f4c                __ledf2
                0x00003f54                __nedf2
                0x00003f54                __eqdf2
                0x00003f54                __cmpdf2
                0x00003fd0                __aeabi_cdrcmple
                0x00003fe0                __aeabi_cdcmpeq
                0x00003fe0                __aeabi_cdcmple
                0x00003ff0                __aeabi_dcmpeq
                0x00004004                __aeabi_dcmplt
                0x00004018                __aeabi_dcmple
                0x0000402c                __aeabi_dcmpge
                0x00004040                __aeabi_dcmpgt
 .text          0x00004054       0x2c c:/program files (x86)/cypress/psoc creator/4.2/psoc creator/import/gnu/arm/5.4.1/bin/../lib/gcc/arm-none-eabi/5.4.1/armv7-m\libgcc.a(_arm_unorddf2.o)
                0x00004054                __unorddf2
                0x00004054                __aeabi_dcmpun
 .text          0x00004080       0x50 c:/program files (x86)/cypress/psoc creator/4.2/psoc creator/import/gnu/arm/5.4.1/bin/../lib/gcc/arm-none-eabi/5.4.1/armv7-m\libgcc.a(_arm_fixdfsi.o)
                0x00004080                __aeabi_d2iz
                0x00004080                __fixdfsi
 *(.plt)
 *(.gnu.warning)
 *(.glue_7t)
 .glue_7t       0x000040d0        0x0 linker stubs
 *(.glue_7)
 .glue_7        0x000040d0        0x0 linker stubs
 *(.vfp11_veneer)
 .vfp11_veneer  0x000040d0        0x0 linker stubs
 *(.bootloader)
 *(.ARM.extab* .gnu.linkonce.armextab.*)
 *(.gcc_except_table)

.v4_bx          0x000040d0        0x0
 .v4_bx         0x000040d0        0x0 linker stubs

.iplt           0x000040d0        0x0
 .iplt          0x000040d0        0x0 c:/program files (x86)/cypress/psoc creator/4.2/psoc creator/import/gnu/arm/5.4.1/bin/../lib/gcc/arm-none-eabi/5.4.1/armv7-m/crtbegin.o

.eh_frame_hdr
 *(.eh_frame_hdr)

.eh_frame       0x000040d0        0x4
 *(.eh_frame)
 .eh_frame      0x000040d0        0x0 c:/program files (x86)/cypress/psoc creator/4.2/psoc creator/import/gnu/arm/5.4.1/bin/../lib/gcc/arm-none-eabi/5.4.1/armv7-m/crtbegin.o
 .eh_frame      0x000040d0        0x4 c:/program files (x86)/cypress/psoc creator/4.2/psoc creator/import/gnu/arm/5.4.1/bin/../lib/gcc/arm-none-eabi/5.4.1/armv7-m/crtend.o
                [!provide]                PROVIDE (__exidx_start, .)

.ARM.exidx
 *(.ARM.exidx* .gnu.linkonce.armexidx.*)
                0x000040d4                __exidx_end = .

.rodata         0x000040d8      0x380
 *(.rodata .rodata.* .gnu.linkonce.r.*)
 .rodata.str1.4
                0x000040d8       0xa8 .\CortexM3\ARM_GCC_541\Debug\main.o
 .rodata.str1.4
                0x00004180       0x97 .\CortexM3\ARM_GCC_541\Debug\MotorDrive.o
 *fill*         0x00004217        0x1 
 .rodata.str1.4
                0x00004218       0x4d .\CortexM3\ARM_GCC_541\Debug\ServoArm.o
 *fill*         0x00004265        0x3 
 .rodata.str1.4
                0x00004268       0x14 .\CortexM3\ARM_GCC_541\Debug\Sensor.o
 .rodata        0x0000427c       0x42 .\CortexM3\ARM_GCC_541\Debug\cyfitter_cfg.o
 .rodata.str1.1
                0x000042be        0x2 c:/program files (x86)/cypress/psoc creator/4.2/psoc creator/import/gnu/arm/5.4.1/bin/../lib/gcc/arm-none-eabi/5.4.1/../../../../arm-none-eabi/lib/armv7-m\libg_nano.a(lib_a-impure.o)
 .rodata.str1.1
                0x000042c0       0x12 c:/program files (x86)/cypress/psoc creator/4.2/psoc creator/import/gnu/arm/5.4.1/bin/../lib/gcc/arm-none-eabi/5.4.1/../../../../arm-none-eabi/lib/armv7-m\libg_nano.a(lib_a-nano-vfprintf_float.o)
 .rodata.str1.1
                0x000042d2       0x22 c:/program files (x86)/cypress/psoc creator/4.2/psoc creator/import/gnu/arm/5.4.1/bin/../lib/gcc/arm-none-eabi/5.4.1/../../../../arm-none-eabi/lib/armv7-m\libg_nano.a(lib_a-nano-vfprintf_i.o)
 .rodata.str1.1
                0x000042f4        0xd c:/program files (x86)/cypress/psoc creator/4.2/psoc creator/import/gnu/arm/5.4.1/bin/../lib/gcc/arm-none-eabi/5.4.1/../../../../arm-none-eabi/lib/armv7-m\libg_nano.a(lib_a-dtoa.o)
                                  0xf (size before relaxing)
 .rodata.str1.1
                0x00004301        0x8 c:/program files (x86)/cypress/psoc creator/4.2/psoc creator/import/gnu/arm/5.4.1/bin/../lib/gcc/arm-none-eabi/5.4.1/../../../../arm-none-eabi/lib/armv7-m\libg_nano.a(lib_a-locale.o)
                                  0xb (size before relaxing)
 *fill*         0x00004309        0x7 
 .rodata.__mprec_tens
                0x00004310       0xc8 c:/program files (x86)/cypress/psoc creator/4.2/psoc creator/import/gnu/arm/5.4.1/bin/../lib/gcc/arm-none-eabi/5.4.1/../../../../arm-none-eabi/lib/armv7-m\libg_nano.a(lib_a-mprec.o)
                0x00004310                __mprec_tens
 .rodata.p05.5408
                0x000043d8        0xc c:/program files (x86)/cypress/psoc creator/4.2/psoc creator/import/gnu/arm/5.4.1/bin/../lib/gcc/arm-none-eabi/5.4.1/../../../../arm-none-eabi/lib/armv7-m\libg_nano.a(lib_a-mprec.o)
 *fill*         0x000043e4        0x4 
 .rodata.__mprec_bigtens
                0x000043e8       0x28 c:/program files (x86)/cypress/psoc creator/4.2/psoc creator/import/gnu/arm/5.4.1/bin/../lib/gcc/arm-none-eabi/5.4.1/../../../../arm-none-eabi/lib/armv7-m\libg_nano.a(lib_a-mprec.o)
                0x000043e8                __mprec_bigtens
 .rodata.str1.1
                0x00004410       0x11 c:/program files (x86)/cypress/psoc creator/4.2/psoc creator/import/gnu/arm/5.4.1/bin/../lib/gcc/arm-none-eabi/5.4.1/../../../../arm-none-eabi/lib/armv7-m\libg_nano.a(lib_a-nano-svfprintf.o)
                0x00004424                . = ALIGN (0x4)
 *fill*         0x00004421        0x3 
 *(.init)
 .init          0x00004424        0x4 c:/program files (x86)/cypress/psoc creator/4.2/psoc creator/import/gnu/arm/5.4.1/bin/../lib/gcc/arm-none-eabi/5.4.1/armv7-m/crti.o
                0x00004424                _init
 .init          0x00004428        0x8 c:/program files (x86)/cypress/psoc creator/4.2/psoc creator/import/gnu/arm/5.4.1/bin/../lib/gcc/arm-none-eabi/5.4.1/armv7-m/crtn.o
                0x00004430                . = ALIGN (0x4)
                0x00004430                __preinit_array_start = .
 *(.preinit_array)
                0x00004430                __preinit_array_end = .
                0x00004430                . = ALIGN (0x4)
                0x00004430                __init_array_start = .
 *(SORT(.init_array.*))
 *(.init_array)
 .init_array    0x00004430        0x4 c:/program files (x86)/cypress/psoc creator/4.2/psoc creator/import/gnu/arm/5.4.1/bin/../lib/gcc/arm-none-eabi/5.4.1/armv7-m/crtbegin.o
 .init_array    0x00004434        0x4 .\CortexM3\ARM_GCC_541\Debug\Cm3Start.o
                0x00004438                __init_array_end = .
                0x00004438                . = ALIGN (0x4)
 *(.fini)
 .fini          0x00004438        0x4 c:/program files (x86)/cypress/psoc creator/4.2/psoc creator/import/gnu/arm/5.4.1/bin/../lib/gcc/arm-none-eabi/5.4.1/armv7-m/crti.o
                0x00004438                _fini
 .fini          0x0000443c        0x8 c:/program files (x86)/cypress/psoc creator/4.2/psoc creator/import/gnu/arm/5.4.1/bin/../lib/gcc/arm-none-eabi/5.4.1/armv7-m/crtn.o
                0x00004444                . = ALIGN (0x4)
                0x00004444                __fini_array_start = .
 *(.fini_array)
 .fini_array    0x00004444        0x4 c:/program files (x86)/cypress/psoc creator/4.2/psoc creator/import/gnu/arm/5.4.1/bin/../lib/gcc/arm-none-eabi/5.4.1/armv7-m/crtbegin.o
 *(SORT(.fini_array.*))
                0x00004448                __fini_array_end = .
                0x00004448                . = ALIGN (0x4)
 *crtbegin.o(.ctors)
 *(EXCLUDE_FILE(*crtend.o) .ctors)
 *(SORT(.ctors.*))
 *crtend.o(.ctors)
                0x00004448                . = ALIGN (0x4)
 *crtbegin.o(.dtors)
 *(EXCLUDE_FILE(*crtend.o) .dtors)
 *(SORT(.dtors.*))
 *crtend.o(.dtors)
                0x00004448                . = ALIGN (0x4)
                0x00004448                __cy_regions = .
                0x00004448        0x4 LONG 0x4458 __cy_region_init_ram
                0x0000444c        0x4 LONG 0x1fff80c8 __cy_region_start_data
                0x00004450        0x4 LONG 0xc8 __cy_region_init_size_ram
                0x00004454        0x4 LONG 0x40 __cy_region_zero_size_ram
                0x00004458                __cy_regions_end = .
                0x00004458                . = ALIGN (0x8)
                0x00004458                _etext = .

.cy_checksum_exclude
                0x00004458        0x0
 *(.cy_checksum_exclude)

.ramvectors     0x1fff8000       0xc0
                0x1fff8000                __cy_region_start_ram = .
 *(.ramvectors)
 .ramvectors    0x1fff8000       0xc0 .\CortexM3\ARM_GCC_541\Debug\Cm3Start.o
                0x1fff8000                CyRamVectors

.noinit         0x1fff80c0        0x1
 *(.noinit)
 .noinit        0x1fff80c0        0x1 .\CortexM3\ARM_GCC_541\Debug\ProjektBIL.a(CyLib.o)
                0x1fff80c0                CyResetStatus

.data           0x1fff80c8       0xc8 load address 0x00004458
                0x1fff80c8                __cy_region_start_data = .
 *(.jcr)
 .jcr           0x1fff80c8        0x0 c:/program files (x86)/cypress/psoc creator/4.2/psoc creator/import/gnu/arm/5.4.1/bin/../lib/gcc/arm-none-eabi/5.4.1/armv7-m/crtbegin.o
 .jcr           0x1fff80c8        0x4 c:/program files (x86)/cypress/psoc creator/4.2/psoc creator/import/gnu/arm/5.4.1/bin/../lib/gcc/arm-none-eabi/5.4.1/armv7-m/crtend.o
 *(.got.plt)
 *(.got)
 *(.shdata)
 *(.data .data.* .gnu.linkonce.d.*)
 .data          0x1fff80cc       0x10 .\CortexM3\ARM_GCC_541\Debug\main.o
                0x1fff80cc                control_2
                0x1fff80d0                control_3
                0x1fff80d4                control_4
                0x1fff80d8                control_6
 .data          0x1fff80dc        0x4 .\CortexM3\ARM_GCC_541\Debug\MotorDrive.o
                0x1fff80dc                dutycycle
 .data          0x1fff80e0        0x4 .\CortexM3\ARM_GCC_541\Debug\Cm3Start.o
 .data          0x1fff80e4       0x10 .\CortexM3\ARM_GCC_541\Debug\ProjektBIL.a(CyLib.o)
                0x1fff80e4                cydelay_32k_ms
                0x1fff80e8                cydelay_freq_khz
                0x1fff80ec                cydelay_freq_mhz
                0x1fff80f0                cydelay_freq_hz
 .data.impure_data
                0x1fff80f4       0x60 c:/program files (x86)/cypress/psoc creator/4.2/psoc creator/import/gnu/arm/5.4.1/bin/../lib/gcc/arm-none-eabi/5.4.1/../../../../arm-none-eabi/lib/armv7-m\libg_nano.a(lib_a-impure.o)
 .data._impure_ptr
                0x1fff8154        0x4 c:/program files (x86)/cypress/psoc creator/4.2/psoc creator/import/gnu/arm/5.4.1/bin/../lib/gcc/arm-none-eabi/5.4.1/../../../../arm-none-eabi/lib/armv7-m\libg_nano.a(lib_a-impure.o)
                0x1fff8154                _impure_ptr
 .data.lconv    0x1fff8158       0x38 c:/program files (x86)/cypress/psoc creator/4.2/psoc creator/import/gnu/arm/5.4.1/bin/../lib/gcc/arm-none-eabi/5.4.1/../../../../arm-none-eabi/lib/armv7-m\libg_nano.a(lib_a-locale.o)
                0x1fff8190                . = ALIGN (0x8)
 *(.ram)
                0x1fff8190                _edata = .

.igot.plt       0x1fff8190        0x0 load address 0x00004520
 .igot.plt      0x1fff8190        0x0 c:/program files (x86)/cypress/psoc creator/4.2/psoc creator/import/gnu/arm/5.4.1/bin/../lib/gcc/arm-none-eabi/5.4.1/armv7-m/crtbegin.o

.bss            0x1fff8190       0x40 load address 0x00004520
                0x1fff8190                PROVIDE (__bss_start__, .)
 *(.shbss)
 *(.bss .bss.* .gnu.linkonce.b.*)
 .bss           0x1fff8190       0x1c c:/program files (x86)/cypress/psoc creator/4.2/psoc creator/import/gnu/arm/5.4.1/bin/../lib/gcc/arm-none-eabi/5.4.1/armv7-m/crtbegin.o
 .bss           0x1fff81ac        0x8 .\CortexM3\ARM_GCC_541\Debug\main.o
                0x1fff81ac                counter
                0x1fff81b0                distance
 .bss           0x1fff81b4        0x2 .\CortexM3\ARM_GCC_541\Debug\ProjektBIL.a(UART_1.o)
                0x1fff81b4                UART_1_initVar
 .bss           0x1fff81b6        0x1 .\CortexM3\ARM_GCC_541\Debug\ProjektBIL.a(PWM_2.o)
                0x1fff81b6                PWM_2_initVar
 .bss           0x1fff81b7        0x1 .\CortexM3\ARM_GCC_541\Debug\ProjektBIL.a(PWMA.o)
                0x1fff81b7                PWMA_initVar
 .bss           0x1fff81b8        0x1 .\CortexM3\ARM_GCC_541\Debug\ProjektBIL.a(PWMB.o)
                0x1fff81b8                PWMB_initVar
 .bss           0x1fff81b9        0x1 .\CortexM3\ARM_GCC_541\Debug\ProjektBIL.a(PWM_4.o)
                0x1fff81b9                PWM_4_initVar
 .bss           0x1fff81ba        0x1 .\CortexM3\ARM_GCC_541\Debug\ProjektBIL.a(PWM_6.o)
                0x1fff81ba                PWM_6_initVar
 .bss           0x1fff81bb        0x1 .\CortexM3\ARM_GCC_541\Debug\ProjektBIL.a(PWM_3.o)
                0x1fff81bb                PWM_3_initVar
 .bss           0x1fff81bc        0x1 .\CortexM3\ARM_GCC_541\Debug\ProjektBIL.a(Timer_1.o)
                0x1fff81bc                Timer_1_initVar
 *fill*         0x1fff81bd        0x3 
 .bss.__malloc_sbrk_start
                0x1fff81c0        0x4 c:/program files (x86)/cypress/psoc creator/4.2/psoc creator/import/gnu/arm/5.4.1/bin/../lib/gcc/arm-none-eabi/5.4.1/../../../../arm-none-eabi/lib/armv7-m\libg_nano.a(lib_a-nano-mallocr.o)
                0x1fff81c0                __malloc_sbrk_start
 .bss.__malloc_free_list
                0x1fff81c4        0x4 c:/program files (x86)/cypress/psoc creator/4.2/psoc creator/import/gnu/arm/5.4.1/bin/../lib/gcc/arm-none-eabi/5.4.1/../../../../arm-none-eabi/lib/armv7-m\libg_nano.a(lib_a-nano-mallocr.o)
                0x1fff81c4                __malloc_free_list
 *(COMMON)
 COMMON         0x1fff81c8        0x4 c:/program files (x86)/cypress/psoc creator/4.2/psoc creator/import/gnu/arm/5.4.1/bin/../lib/gcc/arm-none-eabi/5.4.1/../../../../arm-none-eabi/lib/armv7-m\libg_nano.a(lib_a-reent.o)
                0x1fff81c8                errno
                0x1fff81d0                . = ALIGN (0x8)
 *fill*         0x1fff81cc        0x4 
 *(.ram.b)
                0x1fff81d0                _end = .
                0x1fff81d0                __end = .
                0x1fff81d0                PROVIDE (end, .)
                0x1fff81d0                PROVIDE (__bss_end__, .)
                0x00004458                __cy_region_init_ram = LOADADDR (.data)
                0x000000c8                __cy_region_init_size_ram = (_edata - ADDR (.data))
                0x00000040                __cy_region_zero_size_ram = (_end - _edata)

.heap           0x1fff81d0      0x500 load address 0x00004520
                0x1fff81d0                . = _end
                0x1fff86d0                . = (. + 0x500)
 *fill*         0x1fff81d0      0x500 
                0x1fff86d0                __cy_heap_limit = .

.stack          0x20007800      0x800
                0x20007800                __cy_stack_limit = .
                0x20008000                . = (. + 0x800)
 *fill*         0x20007800      0x800 
                0x00000001                ASSERT ((__cy_stack_limit >= __cy_heap_limit), region RAM overflowed with stack)
                0x00000000                cy_checksum_exclude_size = (CY_APPL_LOADABLE == 0x1)?SIZEOF (.cy_checksum_exclude):0x0
                0x00000001                ASSERT ((cy_checksum_exclude_size <= CY_CHECKSUM_EXCLUDE_SIZE), CY_BOOT: Section .cy_checksum_exclude size exceedes specified limit.)

.cyloadermeta
 *(.cyloadermeta)

.cyloadablemeta
 *(.cyloadablemeta)

.cyconfigecc    0x80000000      0x88c
 *(.cyconfigecc)
 .cyconfigecc   0x80000000      0x88c .\CortexM3\ARM_GCC_541\Debug\cymetadata.o
                0x80000000                cy_meta_configecc

.cycustnvl      0x90000000        0x4
 *(.cycustnvl)
 .cycustnvl     0x90000000        0x4 .\CortexM3\ARM_GCC_541\Debug\cymetadata.o
                0x90000000                cy_meta_custnvl

.cywolatch      0x90100000        0x4
 *(.cywolatch)
 .cywolatch     0x90100000        0x4 .\CortexM3\ARM_GCC_541\Debug\cymetadata.o
                0x90100000                cy_meta_wonvl

.cyeeprom       0x90200000        0x0
 *(.cyeeprom)
                0x00000001                ASSERT ((. <= ((0x90200000 + ee_offset) + ee_size)), .cyeeprom data will not fit in EEPROM)

.cyflashprotect
                0x90400000      0x100
 *(.cyflashprotect)
 .cyflashprotect
                0x90400000      0x100 .\CortexM3\ARM_GCC_541\Debug\cymetadata.o
                0x90400000                cy_meta_flashprotect

.cymeta         0x90500000        0xc
 *(.cymeta)
 .cymeta        0x90500000        0xc .\CortexM3\ARM_GCC_541\Debug\cymetadata.o
                0x90500000                cy_metadata

.rel.dyn        0x00004520        0x0 load address 0x9050000c
 .rel.iplt      0x00004520        0x0 c:/program files (x86)/cypress/psoc creator/4.2/psoc creator/import/gnu/arm/5.4.1/bin/../lib/gcc/arm-none-eabi/5.4.1/armv7-m/crtbegin.o

.stab
 *(.stab)

.stabstr
 *(.stabstr)

.debug
 *(.debug)

.line
 *(.line)

.debug_srcinfo
 *(.debug_srcinfo)

.debug_sfnames
 *(.debug_sfnames)

.debug_aranges  0x00000000      0xd50
 *(.debug_aranges)
 .debug_aranges
                0x00000000       0x30 .\CortexM3\ARM_GCC_541\Debug\main.o
 .debug_aranges
                0x00000030       0x50 .\CortexM3\ARM_GCC_541\Debug\MotorDrive.o
 .debug_aranges
                0x00000080       0x28 .\CortexM3\ARM_GCC_541\Debug\ServoArm.o
 .debug_aranges
                0x000000a8       0x20 .\CortexM3\ARM_GCC_541\Debug\Sensor.o
 .debug_aranges
                0x000000c8       0x58 .\CortexM3\ARM_GCC_541\Debug\cyfitter_cfg.o
 .debug_aranges
                0x00000120       0x18 .\CortexM3\ARM_GCC_541\Debug\cymetadata.o
 .debug_aranges
                0x00000138       0x48 .\CortexM3\ARM_GCC_541\Debug\Cm3Start.o
 .debug_aranges
                0x00000180       0xf0 .\CortexM3\ARM_GCC_541\Debug\ProjektBIL.a(UART_1.o)
 .debug_aranges
                0x00000270       0x80 .\CortexM3\ARM_GCC_541\Debug\ProjektBIL.a(isr_uart_rx.o)
 .debug_aranges
                0x000002f0       0x98 .\CortexM3\ARM_GCC_541\Debug\ProjektBIL.a(PWM_2.o)
 .debug_aranges
                0x00000388       0x70 .\CortexM3\ARM_GCC_541\Debug\ProjektBIL.a(UART_1_IntClock.o)
 .debug_aranges
                0x000003f8      0x2a0 .\CortexM3\ARM_GCC_541\Debug\ProjektBIL.a(CyLib.o)
 .debug_aranges
                0x00000698       0x98 .\CortexM3\ARM_GCC_541\Debug\ProjektBIL.a(cyPm.o)
 .debug_aranges
                0x00000730       0x98 .\CortexM3\ARM_GCC_541\Debug\ProjektBIL.a(PWMA.o)
 .debug_aranges
                0x000007c8       0x38 .\CortexM3\ARM_GCC_541\Debug\ProjektBIL.a(Ain2.o)
 .debug_aranges
                0x00000800       0x38 .\CortexM3\ARM_GCC_541\Debug\ProjektBIL.a(Ain1.o)
 .debug_aranges
                0x00000838       0x98 .\CortexM3\ARM_GCC_541\Debug\ProjektBIL.a(PWMB.o)
 .debug_aranges
                0x000008d0       0x38 .\CortexM3\ARM_GCC_541\Debug\ProjektBIL.a(Bin1.o)
 .debug_aranges
                0x00000908       0x38 .\CortexM3\ARM_GCC_541\Debug\ProjektBIL.a(Bin2.o)
 .debug_aranges
                0x00000940       0x38 .\CortexM3\ARM_GCC_541\Debug\ProjektBIL.a(stby.o)
 .debug_aranges
                0x00000978       0x98 .\CortexM3\ARM_GCC_541\Debug\ProjektBIL.a(PWM_4.o)
 .debug_aranges
                0x00000a10       0x98 .\CortexM3\ARM_GCC_541\Debug\ProjektBIL.a(PWM_6.o)
 .debug_aranges
                0x00000aa8       0x98 .\CortexM3\ARM_GCC_541\Debug\ProjektBIL.a(PWM_3.o)
 .debug_aranges
                0x00000b40       0x38 .\CortexM3\ARM_GCC_541\Debug\ProjektBIL.a(Echo.o)
 .debug_aranges
                0x00000b78       0x88 .\CortexM3\ARM_GCC_541\Debug\ProjektBIL.a(Timer_1.o)
 .debug_aranges
                0x00000c00       0x28 .\CortexM3\ARM_GCC_541\Debug\ProjektBIL.a(Control_Reg_1.o)
 .debug_aranges
                0x00000c28       0x20 .\CortexM3\ARM_GCC_541\Debug\ProjektBIL.a(CyBootAsmGnu.o)
 .debug_aranges
                0x00000c48       0x88 .\CortexM3\ARM_GCC_541\Debug\ProjektBIL.a(CyFlash.o)
 .debug_aranges
                0x00000cd0       0x80 .\CortexM3\ARM_GCC_541\Debug\ProjektBIL.a(CySpc.o)

.debug_pubnames
 *(.debug_pubnames)

.debug_info     0x00000000     0x6d8d
 *(.debug_info .gnu.linkonce.wi.*)
 .debug_info    0x00000000      0x563 .\CortexM3\ARM_GCC_541\Debug\main.o
 .debug_info    0x00000563      0x47b .\CortexM3\ARM_GCC_541\Debug\MotorDrive.o
 .debug_info    0x000009de      0x49b .\CortexM3\ARM_GCC_541\Debug\ServoArm.o
 .debug_info    0x00000e79      0x147 .\CortexM3\ARM_GCC_541\Debug\Sensor.o
 .debug_info    0x00000fc0      0x5ba .\CortexM3\ARM_GCC_541\Debug\cyfitter_cfg.o
 .debug_info    0x0000157a      0x139 .\CortexM3\ARM_GCC_541\Debug\cymetadata.o
 .debug_info    0x000016b3      0x3bb .\CortexM3\ARM_GCC_541\Debug\Cm3Start.o
 .debug_info    0x00001a6e      0x60c .\CortexM3\ARM_GCC_541\Debug\ProjektBIL.a(UART_1.o)
 .debug_info    0x0000207a      0x2d2 .\CortexM3\ARM_GCC_541\Debug\ProjektBIL.a(isr_uart_rx.o)
 .debug_info    0x0000234c      0x353 .\CortexM3\ARM_GCC_541\Debug\ProjektBIL.a(PWM_2.o)
 .debug_info    0x0000269f      0x283 .\CortexM3\ARM_GCC_541\Debug\ProjektBIL.a(UART_1_IntClock.o)
 .debug_info    0x00002922     0x1374 .\CortexM3\ARM_GCC_541\Debug\ProjektBIL.a(CyLib.o)
 .debug_info    0x00003c96      0xa2a .\CortexM3\ARM_GCC_541\Debug\ProjektBIL.a(cyPm.o)
 .debug_info    0x000046c0      0x334 .\CortexM3\ARM_GCC_541\Debug\ProjektBIL.a(PWMA.o)
 .debug_info    0x000049f4      0x11f .\CortexM3\ARM_GCC_541\Debug\ProjektBIL.a(Ain2.o)
 .debug_info    0x00004b13      0x11f .\CortexM3\ARM_GCC_541\Debug\ProjektBIL.a(Ain1.o)
 .debug_info    0x00004c32      0x334 .\CortexM3\ARM_GCC_541\Debug\ProjektBIL.a(PWMB.o)
 .debug_info    0x00004f66      0x11f .\CortexM3\ARM_GCC_541\Debug\ProjektBIL.a(Bin1.o)
 .debug_info    0x00005085      0x11f .\CortexM3\ARM_GCC_541\Debug\ProjektBIL.a(Bin2.o)
 .debug_info    0x000051a4      0x11f .\CortexM3\ARM_GCC_541\Debug\ProjektBIL.a(stby.o)
 .debug_info    0x000052c3      0x353 .\CortexM3\ARM_GCC_541\Debug\ProjektBIL.a(PWM_4.o)
 .debug_info    0x00005616      0x353 .\CortexM3\ARM_GCC_541\Debug\ProjektBIL.a(PWM_6.o)
 .debug_info    0x00005969      0x353 .\CortexM3\ARM_GCC_541\Debug\ProjektBIL.a(PWM_3.o)
 .debug_info    0x00005cbc      0x11f .\CortexM3\ARM_GCC_541\Debug\ProjektBIL.a(Echo.o)
 .debug_info    0x00005ddb      0x293 .\CortexM3\ARM_GCC_541\Debug\ProjektBIL.a(Timer_1.o)
 .debug_info    0x0000606e       0xd6 .\CortexM3\ARM_GCC_541\Debug\ProjektBIL.a(Control_Reg_1.o)
 .debug_info    0x00006144       0xac .\CortexM3\ARM_GCC_541\Debug\ProjektBIL.a(CyBootAsmGnu.o)
 .debug_info    0x000061f0      0x64d .\CortexM3\ARM_GCC_541\Debug\ProjektBIL.a(CyFlash.o)
 .debug_info    0x0000683d      0x550 .\CortexM3\ARM_GCC_541\Debug\ProjektBIL.a(CySpc.o)

.debug_abbrev   0x00000000     0x1f64
 *(.debug_abbrev)
 .debug_abbrev  0x00000000      0x11c .\CortexM3\ARM_GCC_541\Debug\main.o
 .debug_abbrev  0x0000011c       0xba .\CortexM3\ARM_GCC_541\Debug\MotorDrive.o
 .debug_abbrev  0x000001d6       0xb8 .\CortexM3\ARM_GCC_541\Debug\ServoArm.o
 .debug_abbrev  0x0000028e       0xce .\CortexM3\ARM_GCC_541\Debug\Sensor.o
 .debug_abbrev  0x0000035c      0x20d .\CortexM3\ARM_GCC_541\Debug\cyfitter_cfg.o
 .debug_abbrev  0x00000569       0x77 .\CortexM3\ARM_GCC_541\Debug\cymetadata.o
 .debug_abbrev  0x000005e0      0x1e8 .\CortexM3\ARM_GCC_541\Debug\Cm3Start.o
 .debug_abbrev  0x000007c8      0x175 .\CortexM3\ARM_GCC_541\Debug\ProjektBIL.a(UART_1.o)
 .debug_abbrev  0x0000093d      0x173 .\CortexM3\ARM_GCC_541\Debug\ProjektBIL.a(isr_uart_rx.o)
 .debug_abbrev  0x00000ab0      0x133 .\CortexM3\ARM_GCC_541\Debug\ProjektBIL.a(PWM_2.o)
 .debug_abbrev  0x00000be3      0x139 .\CortexM3\ARM_GCC_541\Debug\ProjektBIL.a(UART_1_IntClock.o)
 .debug_abbrev  0x00000d1c      0x254 .\CortexM3\ARM_GCC_541\Debug\ProjektBIL.a(CyLib.o)
 .debug_abbrev  0x00000f70      0x1ab .\CortexM3\ARM_GCC_541\Debug\ProjektBIL.a(cyPm.o)
 .debug_abbrev  0x0000111b      0x133 .\CortexM3\ARM_GCC_541\Debug\ProjektBIL.a(PWMA.o)
 .debug_abbrev  0x0000124e       0x90 .\CortexM3\ARM_GCC_541\Debug\ProjektBIL.a(Ain2.o)
 .debug_abbrev  0x000012de       0x90 .\CortexM3\ARM_GCC_541\Debug\ProjektBIL.a(Ain1.o)
 .debug_abbrev  0x0000136e      0x133 .\CortexM3\ARM_GCC_541\Debug\ProjektBIL.a(PWMB.o)
 .debug_abbrev  0x000014a1       0x90 .\CortexM3\ARM_GCC_541\Debug\ProjektBIL.a(Bin1.o)
 .debug_abbrev  0x00001531       0x90 .\CortexM3\ARM_GCC_541\Debug\ProjektBIL.a(Bin2.o)
 .debug_abbrev  0x000015c1       0x90 .\CortexM3\ARM_GCC_541\Debug\ProjektBIL.a(stby.o)
 .debug_abbrev  0x00001651      0x133 .\CortexM3\ARM_GCC_541\Debug\ProjektBIL.a(PWM_4.o)
 .debug_abbrev  0x00001784      0x133 .\CortexM3\ARM_GCC_541\Debug\ProjektBIL.a(PWM_6.o)
 .debug_abbrev  0x000018b7      0x133 .\CortexM3\ARM_GCC_541\Debug\ProjektBIL.a(PWM_3.o)
 .debug_abbrev  0x000019ea       0x90 .\CortexM3\ARM_GCC_541\Debug\ProjektBIL.a(Echo.o)
 .debug_abbrev  0x00001a7a      0x11a .\CortexM3\ARM_GCC_541\Debug\ProjektBIL.a(Timer_1.o)
 .debug_abbrev  0x00001b94       0x81 .\CortexM3\ARM_GCC_541\Debug\ProjektBIL.a(Control_Reg_1.o)
 .debug_abbrev  0x00001c15       0x14 .\CortexM3\ARM_GCC_541\Debug\ProjektBIL.a(CyBootAsmGnu.o)
 .debug_abbrev  0x00001c29      0x1a7 .\CortexM3\ARM_GCC_541\Debug\ProjektBIL.a(CyFlash.o)
 .debug_abbrev  0x00001dd0      0x194 .\CortexM3\ARM_GCC_541\Debug\ProjektBIL.a(CySpc.o)

.debug_line     0x00000000     0x32b3
 *(.debug_line)
 .debug_line    0x00000000      0x283 .\CortexM3\ARM_GCC_541\Debug\main.o
 .debug_line    0x00000283      0x237 .\CortexM3\ARM_GCC_541\Debug\MotorDrive.o
 .debug_line    0x000004ba      0x276 .\CortexM3\ARM_GCC_541\Debug\ServoArm.o
 .debug_line    0x00000730      0x1dc .\CortexM3\ARM_GCC_541\Debug\Sensor.o
 .debug_line    0x0000090c      0x202 .\CortexM3\ARM_GCC_541\Debug\cyfitter_cfg.o
 .debug_line    0x00000b0e      0x141 .\CortexM3\ARM_GCC_541\Debug\cymetadata.o
 .debug_line    0x00000c4f      0x234 .\CortexM3\ARM_GCC_541\Debug\Cm3Start.o
 .debug_line    0x00000e83      0x2c0 .\CortexM3\ARM_GCC_541\Debug\ProjektBIL.a(UART_1.o)
 .debug_line    0x00001143      0x138 .\CortexM3\ARM_GCC_541\Debug\ProjektBIL.a(isr_uart_rx.o)
 .debug_line    0x0000127b      0x188 .\CortexM3\ARM_GCC_541\Debug\ProjektBIL.a(PWM_2.o)
 .debug_line    0x00001403      0x17e .\CortexM3\ARM_GCC_541\Debug\ProjektBIL.a(UART_1_IntClock.o)
 .debug_line    0x00001581      0x816 .\CortexM3\ARM_GCC_541\Debug\ProjektBIL.a(CyLib.o)
 .debug_line    0x00001d97      0x367 .\CortexM3\ARM_GCC_541\Debug\ProjektBIL.a(cyPm.o)
 .debug_line    0x000020fe      0x184 .\CortexM3\ARM_GCC_541\Debug\ProjektBIL.a(PWMA.o)
 .debug_line    0x00002282       0x91 .\CortexM3\ARM_GCC_541\Debug\ProjektBIL.a(Ain2.o)
 .debug_line    0x00002313       0x91 .\CortexM3\ARM_GCC_541\Debug\ProjektBIL.a(Ain1.o)
 .debug_line    0x000023a4      0x184 .\CortexM3\ARM_GCC_541\Debug\ProjektBIL.a(PWMB.o)
 .debug_line    0x00002528       0x91 .\CortexM3\ARM_GCC_541\Debug\ProjektBIL.a(Bin1.o)
 .debug_line    0x000025b9       0x91 .\CortexM3\ARM_GCC_541\Debug\ProjektBIL.a(Bin2.o)
 .debug_line    0x0000264a       0x91 .\CortexM3\ARM_GCC_541\Debug\ProjektBIL.a(stby.o)
 .debug_line    0x000026db      0x188 .\CortexM3\ARM_GCC_541\Debug\ProjektBIL.a(PWM_4.o)
 .debug_line    0x00002863      0x188 .\CortexM3\ARM_GCC_541\Debug\ProjektBIL.a(PWM_6.o)
 .debug_line    0x000029eb      0x188 .\CortexM3\ARM_GCC_541\Debug\ProjektBIL.a(PWM_3.o)
 .debug_line    0x00002b73       0x91 .\CortexM3\ARM_GCC_541\Debug\ProjektBIL.a(Echo.o)
 .debug_line    0x00002c04      0x15a .\CortexM3\ARM_GCC_541\Debug\ProjektBIL.a(Timer_1.o)
 .debug_line    0x00002d5e       0x75 .\CortexM3\ARM_GCC_541\Debug\ProjektBIL.a(Control_Reg_1.o)
 .debug_line    0x00002dd3       0x66 .\CortexM3\ARM_GCC_541\Debug\ProjektBIL.a(CyBootAsmGnu.o)
 .debug_line    0x00002e39      0x21a .\CortexM3\ARM_GCC_541\Debug\ProjektBIL.a(CyFlash.o)
 .debug_line    0x00003053      0x260 .\CortexM3\ARM_GCC_541\Debug\ProjektBIL.a(CySpc.o)

.debug_frame    0x00000000     0x2640
 *(.debug_frame)
 .debug_frame   0x00000000       0x68 .\CortexM3\ARM_GCC_541\Debug\main.o
 .debug_frame   0x00000068       0xd4 .\CortexM3\ARM_GCC_541\Debug\MotorDrive.o
 .debug_frame   0x0000013c       0x48 .\CortexM3\ARM_GCC_541\Debug\ServoArm.o
 .debug_frame   0x00000184       0x30 .\CortexM3\ARM_GCC_541\Debug\Sensor.o
 .debug_frame   0x000001b4       0xe4 .\CortexM3\ARM_GCC_541\Debug\cyfitter_cfg.o
 .debug_frame   0x00000298       0xb8 .\CortexM3\ARM_GCC_541\Debug\Cm3Start.o
 .debug_frame   0x00000350      0x250 .\CortexM3\ARM_GCC_541\Debug\ProjektBIL.a(UART_1.o)
 .debug_frame   0x000005a0      0x104 .\CortexM3\ARM_GCC_541\Debug\ProjektBIL.a(isr_uart_rx.o)
 .debug_frame   0x000006a4      0x134 .\CortexM3\ARM_GCC_541\Debug\ProjektBIL.a(PWM_2.o)
 .debug_frame   0x000007d8       0xe0 .\CortexM3\ARM_GCC_541\Debug\ProjektBIL.a(UART_1_IntClock.o)
 .debug_frame   0x000008b8      0x738 .\CortexM3\ARM_GCC_541\Debug\ProjektBIL.a(CyLib.o)
 .debug_frame   0x00000ff0      0x1f8 .\CortexM3\ARM_GCC_541\Debug\ProjektBIL.a(cyPm.o)
 .debug_frame   0x000011e8      0x134 .\CortexM3\ARM_GCC_541\Debug\ProjektBIL.a(PWMA.o)
 .debug_frame   0x0000131c       0x50 .\CortexM3\ARM_GCC_541\Debug\ProjektBIL.a(Ain2.o)
 .debug_frame   0x0000136c       0x50 .\CortexM3\ARM_GCC_541\Debug\ProjektBIL.a(Ain1.o)
 .debug_frame   0x000013bc      0x134 .\CortexM3\ARM_GCC_541\Debug\ProjektBIL.a(PWMB.o)
 .debug_frame   0x000014f0       0x50 .\CortexM3\ARM_GCC_541\Debug\ProjektBIL.a(Bin1.o)
 .debug_frame   0x00001540       0x50 .\CortexM3\ARM_GCC_541\Debug\ProjektBIL.a(Bin2.o)
 .debug_frame   0x00001590       0x50 .\CortexM3\ARM_GCC_541\Debug\ProjektBIL.a(stby.o)
 .debug_frame   0x000015e0      0x134 .\CortexM3\ARM_GCC_541\Debug\ProjektBIL.a(PWM_4.o)
 .debug_frame   0x00001714      0x134 .\CortexM3\ARM_GCC_541\Debug\ProjektBIL.a(PWM_6.o)
 .debug_frame   0x00001848      0x134 .\CortexM3\ARM_GCC_541\Debug\ProjektBIL.a(PWM_3.o)
 .debug_frame   0x0000197c       0x50 .\CortexM3\ARM_GCC_541\Debug\ProjektBIL.a(Echo.o)
 .debug_frame   0x000019cc      0x108 .\CortexM3\ARM_GCC_541\Debug\ProjektBIL.a(Timer_1.o)
 .debug_frame   0x00001ad4       0x30 .\CortexM3\ARM_GCC_541\Debug\ProjektBIL.a(Control_Reg_1.o)
 .debug_frame   0x00001b04      0x194 .\CortexM3\ARM_GCC_541\Debug\ProjektBIL.a(CyFlash.o)
 .debug_frame   0x00001c98      0x180 .\CortexM3\ARM_GCC_541\Debug\ProjektBIL.a(CySpc.o)
 .debug_frame   0x00001e18       0x20 c:/program files (x86)/cypress/psoc creator/4.2/psoc creator/import/gnu/arm/5.4.1/bin/../lib/gcc/arm-none-eabi/5.4.1/../../../../arm-none-eabi/lib/armv7-m\libg_nano.a(lib_a-errno.o)
 .debug_frame   0x00001e38       0x28 c:/program files (x86)/cypress/psoc creator/4.2/psoc creator/import/gnu/arm/5.4.1/bin/../lib/gcc/arm-none-eabi/5.4.1/../../../../arm-none-eabi/lib/armv7-m\libg_nano.a(lib_a-exit.o)
 .debug_frame   0x00001e60       0x2c c:/program files (x86)/cypress/psoc creator/4.2/psoc creator/import/gnu/arm/5.4.1/bin/../lib/gcc/arm-none-eabi/5.4.1/../../../../arm-none-eabi/lib/armv7-m\libg_nano.a(lib_a-init.o)
 .debug_frame   0x00001e8c       0x28 c:/program files (x86)/cypress/psoc creator/4.2/psoc creator/import/gnu/arm/5.4.1/bin/../lib/gcc/arm-none-eabi/5.4.1/../../../../arm-none-eabi/lib/armv7-m\libg_nano.a(lib_a-memcpy-stub.o)
 .debug_frame   0x00001eb4       0x20 c:/program files (x86)/cypress/psoc creator/4.2/psoc creator/import/gnu/arm/5.4.1/bin/../lib/gcc/arm-none-eabi/5.4.1/../../../../arm-none-eabi/lib/armv7-m\libg_nano.a(lib_a-memset.o)
 .debug_frame   0x00001ed4       0x8c c:/program files (x86)/cypress/psoc creator/4.2/psoc creator/import/gnu/arm/5.4.1/bin/../lib/gcc/arm-none-eabi/5.4.1/../../../../arm-none-eabi/lib/armv7-m\libg_nano.a(lib_a-nano-vfprintf_float.o)
 .debug_frame   0x00001f60       0x60 c:/program files (x86)/cypress/psoc creator/4.2/psoc creator/import/gnu/arm/5.4.1/bin/../lib/gcc/arm-none-eabi/5.4.1/../../../../arm-none-eabi/lib/armv7-m\libg_nano.a(lib_a-nano-vfprintf_i.o)
 .debug_frame   0x00001fc0       0x74 c:/program files (x86)/cypress/psoc creator/4.2/psoc creator/import/gnu/arm/5.4.1/bin/../lib/gcc/arm-none-eabi/5.4.1/../../../../arm-none-eabi/lib/armv7-m\libg_nano.a(lib_a-snprintf.o)
 .debug_frame   0x00002034       0x6c c:/program files (x86)/cypress/psoc creator/4.2/psoc creator/import/gnu/arm/5.4.1/bin/../lib/gcc/arm-none-eabi/5.4.1/../../../../arm-none-eabi/lib/armv7-m\libg_nano.a(lib_a-dtoa.o)
 .debug_frame   0x000020a0       0x98 c:/program files (x86)/cypress/psoc creator/4.2/psoc creator/import/gnu/arm/5.4.1/bin/../lib/gcc/arm-none-eabi/5.4.1/../../../../arm-none-eabi/lib/armv7-m\libg_nano.a(lib_a-locale.o)
 .debug_frame   0x00002138       0x30 c:/program files (x86)/cypress/psoc creator/4.2/psoc creator/import/gnu/arm/5.4.1/bin/../lib/gcc/arm-none-eabi/5.4.1/../../../../arm-none-eabi/lib/armv7-m\libg_nano.a(lib_a-malloc.o)
 .debug_frame   0x00002168       0x28 c:/program files (x86)/cypress/psoc creator/4.2/psoc creator/import/gnu/arm/5.4.1/bin/../lib/gcc/arm-none-eabi/5.4.1/../../../../arm-none-eabi/lib/armv7-m\libg_nano.a(lib_a-memchr-stub.o)
 .debug_frame   0x00002190      0x234 c:/program files (x86)/cypress/psoc creator/4.2/psoc creator/import/gnu/arm/5.4.1/bin/../lib/gcc/arm-none-eabi/5.4.1/../../../../arm-none-eabi/lib/armv7-m\libg_nano.a(lib_a-mprec.o)
 .debug_frame   0x000023c4       0x2c c:/program files (x86)/cypress/psoc creator/4.2/psoc creator/import/gnu/arm/5.4.1/bin/../lib/gcc/arm-none-eabi/5.4.1/../../../../arm-none-eabi/lib/armv7-m\libg_nano.a(lib_a-nano-callocr.o)
 .debug_frame   0x000023f0       0x38 c:/program files (x86)/cypress/psoc creator/4.2/psoc creator/import/gnu/arm/5.4.1/bin/../lib/gcc/arm-none-eabi/5.4.1/../../../../arm-none-eabi/lib/armv7-m\libg_nano.a(lib_a-nano-freer.o)
 .debug_frame   0x00002428       0x2c c:/program files (x86)/cypress/psoc creator/4.2/psoc creator/import/gnu/arm/5.4.1/bin/../lib/gcc/arm-none-eabi/5.4.1/../../../../arm-none-eabi/lib/armv7-m\libg_nano.a(lib_a-nano-mallocr.o)
 .debug_frame   0x00002454       0x90 c:/program files (x86)/cypress/psoc creator/4.2/psoc creator/import/gnu/arm/5.4.1/bin/../lib/gcc/arm-none-eabi/5.4.1/../../../../arm-none-eabi/lib/armv7-m\libg_nano.a(lib_a-nano-svfprintf.o)
 .debug_frame   0x000024e4       0x2c c:/program files (x86)/cypress/psoc creator/4.2/psoc creator/import/gnu/arm/5.4.1/bin/../lib/gcc/arm-none-eabi/5.4.1/../../../../arm-none-eabi/lib/armv7-m\libg_nano.a(lib_a-sbrkr.o)
 .debug_frame   0x00002510       0x20 c:/program files (x86)/cypress/psoc creator/4.2/psoc creator/import/gnu/arm/5.4.1/bin/../lib/gcc/arm-none-eabi/5.4.1/../../../../arm-none-eabi/lib/armv7-m\libg_nano.a(lib_a-strcmp.o)
 .debug_frame   0x00002530       0x28 c:/program files (x86)/cypress/psoc creator/4.2/psoc creator/import/gnu/arm/5.4.1/bin/../lib/gcc/arm-none-eabi/5.4.1/../../../../arm-none-eabi/lib/armv7-m\libg_nano.a(lib_a-memmove.o)
 .debug_frame   0x00002558       0x30 c:/program files (x86)/cypress/psoc creator/4.2/psoc creator/import/gnu/arm/5.4.1/bin/../lib/gcc/arm-none-eabi/5.4.1/../../../../arm-none-eabi/lib/armv7-m\libg_nano.a(lib_a-mlock.o)
 .debug_frame   0x00002588       0x3c c:/program files (x86)/cypress/psoc creator/4.2/psoc creator/import/gnu/arm/5.4.1/bin/../lib/gcc/arm-none-eabi/5.4.1/../../../../arm-none-eabi/lib/armv7-m\libg_nano.a(lib_a-nano-reallocr.o)
 .debug_frame   0x000025c4       0x5c c:/program files (x86)/cypress/psoc creator/4.2/psoc creator/import/gnu/arm/5.4.1/bin/../lib/gcc/arm-none-eabi/5.4.1/../../../../arm-none-eabi/lib/armv7-m\libg_nano.a(lib_a-reent.o)
 .debug_frame   0x00002620       0x20 c:/program files (x86)/cypress/psoc creator/4.2/psoc creator/import/gnu/arm/5.4.1/bin/../lib/gcc/arm-none-eabi/5.4.1/../../../../arm-none-eabi/lib/armv7-m\libg_nano.a(lib_a-nano-msizer.o)

.debug_str      0x00000000     0x2615
 *(.debug_str)
 .debug_str     0x00000000      0x3c4 .\CortexM3\ARM_GCC_541\Debug\main.o
                                0x414 (size before relaxing)
 .debug_str     0x000003c4       0x67 .\CortexM3\ARM_GCC_541\Debug\MotorDrive.o
                                0x28c (size before relaxing)
 .debug_str     0x0000042b       0x26 .\CortexM3\ARM_GCC_541\Debug\ServoArm.o
                                0x24b (size before relaxing)
 .debug_str     0x00000451       0x1a .\CortexM3\ARM_GCC_541\Debug\Sensor.o
                                0x1ee (size before relaxing)
 .debug_str     0x0000046b      0x1bc .\CortexM3\ARM_GCC_541\Debug\cyfitter_cfg.o
                                0x360 (size before relaxing)
 .debug_str     0x00000627       0x75 .\CortexM3\ARM_GCC_541\Debug\cymetadata.o
                                0x200 (size before relaxing)
 .debug_str     0x0000069c      0x144 .\CortexM3\ARM_GCC_541\Debug\Cm3Start.o
                                0x326 (size before relaxing)
 .debug_str     0x000007e0      0x2b8 .\CortexM3\ARM_GCC_541\Debug\ProjektBIL.a(UART_1.o)
                                0x4cf (size before relaxing)
 .debug_str     0x00000a98      0x13e .\CortexM3\ARM_GCC_541\Debug\ProjektBIL.a(isr_uart_rx.o)
                                0x316 (size before relaxing)
 .debug_str     0x00000bd6      0x16f .\CortexM3\ARM_GCC_541\Debug\ProjektBIL.a(PWM_2.o)
                                0x37a (size before relaxing)
 .debug_str     0x00000d45      0x19d .\CortexM3\ARM_GCC_541\Debug\ProjektBIL.a(UART_1_IntClock.o)
                                0x36a (size before relaxing)
 .debug_str     0x00000ee2      0x7e8 .\CortexM3\ARM_GCC_541\Debug\ProjektBIL.a(CyLib.o)
                                0xa63 (size before relaxing)
 .debug_str     0x000016ca      0x365 .\CortexM3\ARM_GCC_541\Debug\ProjektBIL.a(cyPm.o)
                                0x74f (size before relaxing)
 .debug_str     0x00001a2f      0x135 .\CortexM3\ARM_GCC_541\Debug\ProjektBIL.a(PWMA.o)
                                0x35a (size before relaxing)
 .debug_str     0x00001b64       0x56 .\CortexM3\ARM_GCC_541\Debug\ProjektBIL.a(Ain2.o)
                                0x1f9 (size before relaxing)
 .debug_str     0x00001bba       0x4b .\CortexM3\ARM_GCC_541\Debug\ProjektBIL.a(Ain1.o)
                                0x1f9 (size before relaxing)
 .debug_str     0x00001c05      0x135 .\CortexM3\ARM_GCC_541\Debug\ProjektBIL.a(PWMB.o)
                                0x35a (size before relaxing)
 .debug_str     0x00001d3a       0x4b .\CortexM3\ARM_GCC_541\Debug\ProjektBIL.a(Bin1.o)
                                0x1f9 (size before relaxing)
 .debug_str     0x00001d85       0x4b .\CortexM3\ARM_GCC_541\Debug\ProjektBIL.a(Bin2.o)
                                0x1f9 (size before relaxing)
 .debug_str     0x00001dd0       0x4b .\CortexM3\ARM_GCC_541\Debug\ProjektBIL.a(stby.o)
                                0x1f9 (size before relaxing)
 .debug_str     0x00001e1b      0x146 .\CortexM3\ARM_GCC_541\Debug\ProjektBIL.a(PWM_4.o)
                                0x37a (size before relaxing)
 .debug_str     0x00001f61      0x146 .\CortexM3\ARM_GCC_541\Debug\ProjektBIL.a(PWM_6.o)
                                0x37a (size before relaxing)
 .debug_str     0x000020a7      0x146 .\CortexM3\ARM_GCC_541\Debug\ProjektBIL.a(PWM_3.o)
                                0x37a (size before relaxing)
 .debug_str     0x000021ed       0x4c .\CortexM3\ARM_GCC_541\Debug\ProjektBIL.a(Echo.o)
                                0x1f9 (size before relaxing)
 .debug_str     0x00002239      0x13b .\CortexM3\ARM_GCC_541\Debug\ProjektBIL.a(Timer_1.o)
                                0x331 (size before relaxing)
 .debug_str     0x00002374       0x3a .\CortexM3\ARM_GCC_541\Debug\ProjektBIL.a(Control_Reg_1.o)
                                0x1e3 (size before relaxing)
 .debug_str     0x000023ae      0x1bb .\CortexM3\ARM_GCC_541\Debug\ProjektBIL.a(CyFlash.o)
                                0x3dc (size before relaxing)
 .debug_str     0x00002569       0xac .\CortexM3\ARM_GCC_541\Debug\ProjektBIL.a(CySpc.o)
                                0x354 (size before relaxing)

.debug_loc      0x00000000     0x21dd
 *(.debug_loc)
 .debug_loc     0x00000000       0x52 .\CortexM3\ARM_GCC_541\Debug\main.o
 .debug_loc     0x00000052       0xd8 .\CortexM3\ARM_GCC_541\Debug\ServoArm.o
 .debug_loc     0x0000012a       0x23 .\CortexM3\ARM_GCC_541\Debug\Sensor.o
 .debug_loc     0x0000014d      0x25a .\CortexM3\ARM_GCC_541\Debug\cyfitter_cfg.o
 .debug_loc     0x000003a7      0x144 .\CortexM3\ARM_GCC_541\Debug\Cm3Start.o
 .debug_loc     0x000004eb      0x258 .\CortexM3\ARM_GCC_541\Debug\ProjektBIL.a(UART_1.o)
 .debug_loc     0x00000743       0x56 .\CortexM3\ARM_GCC_541\Debug\ProjektBIL.a(isr_uart_rx.o)
 .debug_loc     0x00000799       0x26 .\CortexM3\ARM_GCC_541\Debug\ProjektBIL.a(PWM_2.o)
 .debug_loc     0x000007bf      0x128 .\CortexM3\ARM_GCC_541\Debug\ProjektBIL.a(UART_1_IntClock.o)
 .debug_loc     0x000008e7      0xa11 .\CortexM3\ARM_GCC_541\Debug\ProjektBIL.a(CyLib.o)
 .debug_loc     0x000012f8      0x1e4 .\CortexM3\ARM_GCC_541\Debug\ProjektBIL.a(cyPm.o)
 .debug_loc     0x000014dc       0x26 .\CortexM3\ARM_GCC_541\Debug\ProjektBIL.a(PWMA.o)
 .debug_loc     0x00001502       0x42 .\CortexM3\ARM_GCC_541\Debug\ProjektBIL.a(Ain2.o)
 .debug_loc     0x00001544       0x42 .\CortexM3\ARM_GCC_541\Debug\ProjektBIL.a(Ain1.o)
 .debug_loc     0x00001586       0x26 .\CortexM3\ARM_GCC_541\Debug\ProjektBIL.a(PWMB.o)
 .debug_loc     0x000015ac       0x42 .\CortexM3\ARM_GCC_541\Debug\ProjektBIL.a(Bin1.o)
 .debug_loc     0x000015ee       0x42 .\CortexM3\ARM_GCC_541\Debug\ProjektBIL.a(Bin2.o)
 .debug_loc     0x00001630       0x42 .\CortexM3\ARM_GCC_541\Debug\ProjektBIL.a(stby.o)
 .debug_loc     0x00001672       0x26 .\CortexM3\ARM_GCC_541\Debug\ProjektBIL.a(PWM_4.o)
 .debug_loc     0x00001698       0x26 .\CortexM3\ARM_GCC_541\Debug\ProjektBIL.a(PWM_6.o)
 .debug_loc     0x000016be       0x26 .\CortexM3\ARM_GCC_541\Debug\ProjektBIL.a(PWM_3.o)
 .debug_loc     0x000016e4       0x42 .\CortexM3\ARM_GCC_541\Debug\ProjektBIL.a(Echo.o)
 .debug_loc     0x00001726      0x3b2 .\CortexM3\ARM_GCC_541\Debug\ProjektBIL.a(CyFlash.o)
 .debug_loc     0x00001ad8      0x705 .\CortexM3\ARM_GCC_541\Debug\ProjektBIL.a(CySpc.o)

.debug_macinfo
 *(.debug_macinfo)

.debug_ranges   0x00000000      0xb68
 *(.debug_ranges)
 .debug_ranges  0x00000000       0x20 .\CortexM3\ARM_GCC_541\Debug\main.o
 .debug_ranges  0x00000020       0x40 .\CortexM3\ARM_GCC_541\Debug\MotorDrive.o
 .debug_ranges  0x00000060       0x18 .\CortexM3\ARM_GCC_541\Debug\ServoArm.o
 .debug_ranges  0x00000078       0x10 .\CortexM3\ARM_GCC_541\Debug\Sensor.o
 .debug_ranges  0x00000088       0x48 .\CortexM3\ARM_GCC_541\Debug\cyfitter_cfg.o
 .debug_ranges  0x000000d0       0x38 .\CortexM3\ARM_GCC_541\Debug\Cm3Start.o
 .debug_ranges  0x00000108       0xe0 .\CortexM3\ARM_GCC_541\Debug\ProjektBIL.a(UART_1.o)
 .debug_ranges  0x000001e8       0x70 .\CortexM3\ARM_GCC_541\Debug\ProjektBIL.a(isr_uart_rx.o)
 .debug_ranges  0x00000258       0x88 .\CortexM3\ARM_GCC_541\Debug\ProjektBIL.a(PWM_2.o)
 .debug_ranges  0x000002e0       0x60 .\CortexM3\ARM_GCC_541\Debug\ProjektBIL.a(UART_1_IntClock.o)
 .debug_ranges  0x00000340      0x290 .\CortexM3\ARM_GCC_541\Debug\ProjektBIL.a(CyLib.o)
 .debug_ranges  0x000005d0       0x88 .\CortexM3\ARM_GCC_541\Debug\ProjektBIL.a(cyPm.o)
 .debug_ranges  0x00000658       0x88 .\CortexM3\ARM_GCC_541\Debug\ProjektBIL.a(PWMA.o)
 .debug_ranges  0x000006e0       0x28 .\CortexM3\ARM_GCC_541\Debug\ProjektBIL.a(Ain2.o)
 .debug_ranges  0x00000708       0x28 .\CortexM3\ARM_GCC_541\Debug\ProjektBIL.a(Ain1.o)
 .debug_ranges  0x00000730       0x88 .\CortexM3\ARM_GCC_541\Debug\ProjektBIL.a(PWMB.o)
 .debug_ranges  0x000007b8       0x28 .\CortexM3\ARM_GCC_541\Debug\ProjektBIL.a(Bin1.o)
 .debug_ranges  0x000007e0       0x28 .\CortexM3\ARM_GCC_541\Debug\ProjektBIL.a(Bin2.o)
 .debug_ranges  0x00000808       0x28 .\CortexM3\ARM_GCC_541\Debug\ProjektBIL.a(stby.o)
 .debug_ranges  0x00000830       0x88 .\CortexM3\ARM_GCC_541\Debug\ProjektBIL.a(PWM_4.o)
 .debug_ranges  0x000008b8       0x88 .\CortexM3\ARM_GCC_541\Debug\ProjektBIL.a(PWM_6.o)
 .debug_ranges  0x00000940       0x88 .\CortexM3\ARM_GCC_541\Debug\ProjektBIL.a(PWM_3.o)
 .debug_ranges  0x000009c8       0x28 .\CortexM3\ARM_GCC_541\Debug\ProjektBIL.a(Echo.o)
 .debug_ranges  0x000009f0       0x78 .\CortexM3\ARM_GCC_541\Debug\ProjektBIL.a(Timer_1.o)
 .debug_ranges  0x00000a68       0x18 .\CortexM3\ARM_GCC_541\Debug\ProjektBIL.a(Control_Reg_1.o)
 .debug_ranges  0x00000a80       0x78 .\CortexM3\ARM_GCC_541\Debug\ProjektBIL.a(CyFlash.o)
 .debug_ranges  0x00000af8       0x70 .\CortexM3\ARM_GCC_541\Debug\ProjektBIL.a(CySpc.o)

.comment        0x00000000       0x6e
 .comment       0x00000000       0x6e .\CortexM3\ARM_GCC_541\Debug\main.o
                                 0x6f (size before relaxing)
 .comment       0x0000006e       0x6f .\CortexM3\ARM_GCC_541\Debug\MotorDrive.o
 .comment       0x0000006e       0x6f .\CortexM3\ARM_GCC_541\Debug\ServoArm.o
 .comment       0x0000006e       0x6f .\CortexM3\ARM_GCC_541\Debug\Sensor.o
 .comment       0x0000006e       0x6f .\CortexM3\ARM_GCC_541\Debug\cyfitter_cfg.o
 .comment       0x0000006e       0x6f .\CortexM3\ARM_GCC_541\Debug\cymetadata.o
 .comment       0x0000006e       0x6f .\CortexM3\ARM_GCC_541\Debug\Cm3Start.o
 .comment       0x0000006e       0x6f .\CortexM3\ARM_GCC_541\Debug\ProjektBIL.a(UART_1.o)
 .comment       0x0000006e       0x6f .\CortexM3\ARM_GCC_541\Debug\ProjektBIL.a(isr_uart_rx.o)
 .comment       0x0000006e       0x6f .\CortexM3\ARM_GCC_541\Debug\ProjektBIL.a(PWM_2.o)
 .comment       0x0000006e       0x6f .\CortexM3\ARM_GCC_541\Debug\ProjektBIL.a(UART_1_IntClock.o)
 .comment       0x0000006e       0x6f .\CortexM3\ARM_GCC_541\Debug\ProjektBIL.a(CyLib.o)
 .comment       0x0000006e       0x6f .\CortexM3\ARM_GCC_541\Debug\ProjektBIL.a(cyPm.o)
 .comment       0x0000006e       0x6f .\CortexM3\ARM_GCC_541\Debug\ProjektBIL.a(PWMA.o)
 .comment       0x0000006e       0x6f .\CortexM3\ARM_GCC_541\Debug\ProjektBIL.a(Ain2.o)
 .comment       0x0000006e       0x6f .\CortexM3\ARM_GCC_541\Debug\ProjektBIL.a(Ain1.o)
 .comment       0x0000006e       0x6f .\CortexM3\ARM_GCC_541\Debug\ProjektBIL.a(PWMB.o)
 .comment       0x0000006e       0x6f .\CortexM3\ARM_GCC_541\Debug\ProjektBIL.a(Bin1.o)
 .comment       0x0000006e       0x6f .\CortexM3\ARM_GCC_541\Debug\ProjektBIL.a(Bin2.o)
 .comment       0x0000006e       0x6f .\CortexM3\ARM_GCC_541\Debug\ProjektBIL.a(stby.o)
 .comment       0x0000006e       0x6f .\CortexM3\ARM_GCC_541\Debug\ProjektBIL.a(PWM_4.o)
 .comment       0x0000006e       0x6f .\CortexM3\ARM_GCC_541\Debug\ProjektBIL.a(PWM_6.o)
 .comment       0x0000006e       0x6f .\CortexM3\ARM_GCC_541\Debug\ProjektBIL.a(PWM_3.o)
 .comment       0x0000006e       0x6f .\CortexM3\ARM_GCC_541\Debug\ProjektBIL.a(Echo.o)
 .comment       0x0000006e       0x6f .\CortexM3\ARM_GCC_541\Debug\ProjektBIL.a(Timer_1.o)
 .comment       0x0000006e       0x6f .\CortexM3\ARM_GCC_541\Debug\ProjektBIL.a(Control_Reg_1.o)
 .comment       0x0000006e       0x6f .\CortexM3\ARM_GCC_541\Debug\ProjektBIL.a(CyFlash.o)
 .comment       0x0000006e       0x6f .\CortexM3\ARM_GCC_541\Debug\ProjektBIL.a(CySpc.o)

.debug_weaknames
 *(.debug_weaknames)

.debug_funcnames
 *(.debug_funcnames)

.debug_typenames
 *(.debug_typenames)

.debug_varnames
 *(.debug_varnames)

.note.gnu.arm.ident
 *(.note.gnu.arm.ident)

.ARM.attributes
                0x00000000       0x29
 *(.ARM.attributes)
 .ARM.attributes
                0x00000000       0x1d c:/program files (x86)/cypress/psoc creator/4.2/psoc creator/import/gnu/arm/5.4.1/bin/../lib/gcc/arm-none-eabi/5.4.1/armv7-m/crti.o
 .ARM.attributes
                0x0000001d       0x2d c:/program files (x86)/cypress/psoc creator/4.2/psoc creator/import/gnu/arm/5.4.1/bin/../lib/gcc/arm-none-eabi/5.4.1/armv7-m/crtbegin.o
 .ARM.attributes
                0x0000004a       0x1b c:/program files (x86)/cypress/psoc creator/4.2/psoc creator/import/gnu/arm/5.4.1/bin/../lib/gcc/arm-none-eabi/5.4.1/../../../../arm-none-eabi/lib/armv7-m/crt0.o
 .ARM.attributes
                0x00000065       0x33 .\CortexM3\ARM_GCC_541\Debug\main.o
 .ARM.attributes
                0x00000098       0x33 .\CortexM3\ARM_GCC_541\Debug\MotorDrive.o
 .ARM.attributes
                0x000000cb       0x33 .\CortexM3\ARM_GCC_541\Debug\ServoArm.o
 .ARM.attributes
                0x000000fe       0x33 .\CortexM3\ARM_GCC_541\Debug\Sensor.o
 .ARM.attributes
                0x00000131       0x33 .\CortexM3\ARM_GCC_541\Debug\cyfitter_cfg.o
 .ARM.attributes
                0x00000164       0x33 .\CortexM3\ARM_GCC_541\Debug\cymetadata.o
 .ARM.attributes
                0x00000197       0x33 .\CortexM3\ARM_GCC_541\Debug\Cm3Start.o
 .ARM.attributes
                0x000001ca       0x33 .\CortexM3\ARM_GCC_541\Debug\ProjektBIL.a(UART_1.o)
 .ARM.attributes
                0x000001fd       0x33 .\CortexM3\ARM_GCC_541\Debug\ProjektBIL.a(isr_uart_rx.o)
 .ARM.attributes
                0x00000230       0x33 .\CortexM3\ARM_GCC_541\Debug\ProjektBIL.a(PWM_2.o)
 .ARM.attributes
                0x00000263       0x33 .\CortexM3\ARM_GCC_541\Debug\ProjektBIL.a(UART_1_IntClock.o)
 .ARM.attributes
                0x00000296       0x33 .\CortexM3\ARM_GCC_541\Debug\ProjektBIL.a(CyLib.o)
 .ARM.attributes
                0x000002c9       0x33 .\CortexM3\ARM_GCC_541\Debug\ProjektBIL.a(cyPm.o)
 .ARM.attributes
                0x000002fc       0x33 .\CortexM3\ARM_GCC_541\Debug\ProjektBIL.a(PWMA.o)
 .ARM.attributes
                0x0000032f       0x33 .\CortexM3\ARM_GCC_541\Debug\ProjektBIL.a(Ain2.o)
 .ARM.attributes
                0x00000362       0x33 .\CortexM3\ARM_GCC_541\Debug\ProjektBIL.a(Ain1.o)
 .ARM.attributes
                0x00000395       0x33 .\CortexM3\ARM_GCC_541\Debug\ProjektBIL.a(PWMB.o)
 .ARM.attributes
                0x000003c8       0x33 .\CortexM3\ARM_GCC_541\Debug\ProjektBIL.a(Bin1.o)
 .ARM.attributes
                0x000003fb       0x33 .\CortexM3\ARM_GCC_541\Debug\ProjektBIL.a(Bin2.o)
 .ARM.attributes
                0x0000042e       0x33 .\CortexM3\ARM_GCC_541\Debug\ProjektBIL.a(stby.o)
 .ARM.attributes
                0x00000461       0x33 .\CortexM3\ARM_GCC_541\Debug\ProjektBIL.a(PWM_4.o)
 .ARM.attributes
                0x00000494       0x33 .\CortexM3\ARM_GCC_541\Debug\ProjektBIL.a(PWM_6.o)
 .ARM.attributes
                0x000004c7       0x33 .\CortexM3\ARM_GCC_541\Debug\ProjektBIL.a(PWM_3.o)
 .ARM.attributes
                0x000004fa       0x33 .\CortexM3\ARM_GCC_541\Debug\ProjektBIL.a(Echo.o)
 .ARM.attributes
                0x0000052d       0x33 .\CortexM3\ARM_GCC_541\Debug\ProjektBIL.a(Timer_1.o)
 .ARM.attributes
                0x00000560       0x33 .\CortexM3\ARM_GCC_541\Debug\ProjektBIL.a(Control_Reg_1.o)
 .ARM.attributes
                0x00000593       0x21 .\CortexM3\ARM_GCC_541\Debug\ProjektBIL.a(CyBootAsmGnu.o)
 .ARM.attributes
                0x000005b4       0x33 .\CortexM3\ARM_GCC_541\Debug\ProjektBIL.a(CyFlash.o)
 .ARM.attributes
                0x000005e7       0x33 .\CortexM3\ARM_GCC_541\Debug\ProjektBIL.a(CySpc.o)
 .ARM.attributes
                0x0000061a       0x1d c:/program files (x86)/cypress/psoc creator/4.2/psoc creator/import/gnu/arm/5.4.1/bin/../lib/gcc/arm-none-eabi/5.4.1/armv7-m\libgcc.a(_arm_addsubdf3.o)
 .ARM.attributes
                0x00000637       0x1d c:/program files (x86)/cypress/psoc creator/4.2/psoc creator/import/gnu/arm/5.4.1/bin/../lib/gcc/arm-none-eabi/5.4.1/armv7-m\libgcc.a(_arm_addsubsf3.o)
 .ARM.attributes
                0x00000654       0x1d c:/program files (x86)/cypress/psoc creator/4.2/psoc creator/import/gnu/arm/5.4.1/bin/../lib/gcc/arm-none-eabi/5.4.1/armv7-m\libgcc.a(_arm_muldivsf3.o)
 .ARM.attributes
                0x00000671       0x1d c:/program files (x86)/cypress/psoc creator/4.2/psoc creator/import/gnu/arm/5.4.1/bin/../lib/gcc/arm-none-eabi/5.4.1/armv7-m\libgcc.a(_arm_cmpsf2.o)
 .ARM.attributes
                0x0000068e       0x2d c:/program files (x86)/cypress/psoc creator/4.2/psoc creator/import/gnu/arm/5.4.1/bin/../lib/gcc/arm-none-eabi/5.4.1/../../../../arm-none-eabi/lib/armv7-m\libg_nano.a(lib_a-errno.o)
 .ARM.attributes
                0x000006bb       0x2d c:/program files (x86)/cypress/psoc creator/4.2/psoc creator/import/gnu/arm/5.4.1/bin/../lib/gcc/arm-none-eabi/5.4.1/../../../../arm-none-eabi/lib/armv7-m\libg_nano.a(lib_a-exit.o)
 .ARM.attributes
                0x000006e8       0x2d c:/program files (x86)/cypress/psoc creator/4.2/psoc creator/import/gnu/arm/5.4.1/bin/../lib/gcc/arm-none-eabi/5.4.1/../../../../arm-none-eabi/lib/armv7-m\libg_nano.a(lib_a-impure.o)
 .ARM.attributes
                0x00000715       0x2d c:/program files (x86)/cypress/psoc creator/4.2/psoc creator/import/gnu/arm/5.4.1/bin/../lib/gcc/arm-none-eabi/5.4.1/../../../../arm-none-eabi/lib/armv7-m\libg_nano.a(lib_a-init.o)
 .ARM.attributes
                0x00000742       0x2d c:/program files (x86)/cypress/psoc creator/4.2/psoc creator/import/gnu/arm/5.4.1/bin/../lib/gcc/arm-none-eabi/5.4.1/../../../../arm-none-eabi/lib/armv7-m\libg_nano.a(lib_a-memcpy-stub.o)
 .ARM.attributes
                0x0000076f       0x2d c:/program files (x86)/cypress/psoc creator/4.2/psoc creator/import/gnu/arm/5.4.1/bin/../lib/gcc/arm-none-eabi/5.4.1/../../../../arm-none-eabi/lib/armv7-m\libg_nano.a(lib_a-memset.o)
 .ARM.attributes
                0x0000079c       0x2d c:/program files (x86)/cypress/psoc creator/4.2/psoc creator/import/gnu/arm/5.4.1/bin/../lib/gcc/arm-none-eabi/5.4.1/../../../../arm-none-eabi/lib/armv7-m\libg_nano.a(lib_a-nano-vfprintf_float.o)
 .ARM.attributes
                0x000007c9       0x2d c:/program files (x86)/cypress/psoc creator/4.2/psoc creator/import/gnu/arm/5.4.1/bin/../lib/gcc/arm-none-eabi/5.4.1/../../../../arm-none-eabi/lib/armv7-m\libg_nano.a(lib_a-nano-vfprintf_i.o)
 .ARM.attributes
                0x000007f6       0x2d c:/program files (x86)/cypress/psoc creator/4.2/psoc creator/import/gnu/arm/5.4.1/bin/../lib/gcc/arm-none-eabi/5.4.1/../../../../arm-none-eabi/lib/armv7-m\libg_nano.a(lib_a-snprintf.o)
 .ARM.attributes
                0x00000823       0x17 c:/program files (x86)/cypress/psoc creator/4.2/psoc creator/import/gnu/arm/5.4.1/bin/../lib/gcc/arm-none-eabi/5.4.1/../../../../arm-none-eabi/lib/armv7-m\libg_nano.a(lib_a-strlen.o)
 .ARM.attributes